[2026-08-29 16:23:07 : INFO] - Could not find file for image: ID=7259, file=C:\xampp\htdocs\Wordpress/wp-content/uploads/C:/xampp/htdocs/Wordpress/wp-content/uploads/2025/08/IMG_20250625_115829-1-800x600.jpg 
[2026-08-29 16:23:07 : INFO] - Could not find file for image: ID=7257, file=C:\xampp\htdocs\Wordpress/wp-content/uploads/C:/xampp/htdocs/Wordpress/wp-content/uploads/2025/08/IMG_20250625_115829-1-500x375.jpg 
[2026-08-29 16:23:07 : INFO] - Could not find file for image: ID=7258, file=C:\xampp\htdocs\Wordpress/wp-content/uploads/C:/xampp/htdocs/Wordpress/wp-content/uploads/2025/08/IMG_20250625_115829-1-768x576.jpg 
[2026-08-29 16:23:07 : INFO] - Could not find file for image: ID=7256, file=C:\xampp\htdocs\Wordpress/wp-content/uploads/C:/xampp/htdocs/Wordpress/wp-content/uploads/2025/08/IMG_20250625_115829-1-300x225.jpg 
[2026-08-29 16:23:07 : INFO] - Could not find file for image: ID=7255, file=C:\xampp\htdocs\Wordpress/wp-content/uploads/C:/xampp/htdocs/Wordpress/wp-content/uploads/2025/08/IMG_20250625_115829-1-2048x1536.jpg 
[2026-08-29 16:23:07 : INFO] - Could not find file for image: ID=7254, file=C:\xampp\htdocs\Wordpress/wp-content/uploads/C:/xampp/htdocs/Wordpress/wp-content/uploads/2025/08/IMG_20250625_115829-1-1920x1440.jpg 
[2026-08-29 16:23:07 : INFO] - Could not find file for image: ID=7253, file=C:\xampp\htdocs\Wordpress/wp-content/uploads/C:/xampp/htdocs/Wordpress/wp-content/uploads/2025/08/IMG_20250625_115829-1-1536x1152.jpg 
[2026-08-29 16:23:07 : INFO] - Could not find file for image: ID=7252, file=C:\xampp\htdocs\Wordpress/wp-content/uploads/C:/xampp/htdocs/Wordpress/wp-content/uploads/2025/08/IMG_20250625_115829-1-150x150.jpg 
[2026-08-29 16:23:07 : INFO] - Could not find file for image: ID=7251, file=C:\xampp\htdocs\Wordpress/wp-content/uploads/C:/xampp/htdocs/Wordpress/wp-content/uploads/2025/08/IMG_20250625_115829-1-1280x960.jpg 
[2026-08-29 16:23:07 : INFO] - Could not find file for image: ID=7250, file=C:\xampp\htdocs\Wordpress/wp-content/uploads/C:/xampp/htdocs/Wordpress/wp-content/uploads/2025/08/IMG_20250625_115829-1-1024x768.jpg 
[2026-08-29 16:23:07 : INFO] - Could not find file for image: ID=7237, file=C:\xampp\htdocs\Wordpress/wp-content/uploads/C:/xampp/htdocs/Wordpress/wp-content/uploads/2025/08/IMG_20250625_112258-800x1067.jpg 
[2026-08-29 16:23:07 : INFO] - Could not find file for image: ID=7238, file=C:\xampp\htdocs\Wordpress/wp-content/uploads/C:/xampp/htdocs/Wordpress/wp-content/uploads/2025/08/IMG_20250625_112258-800x1067.jpg 
[2026-08-29 16:23:07 : INFO] - Could not find file for image: ID=7235, file=C:\xampp\htdocs\Wordpress/wp-content/uploads/C:/xampp/htdocs/Wordpress/wp-content/uploads/2025/08/IMG_20250625_112258-768x1024.jpg 
[2026-08-29 16:23:07 : INFO] - Could not find file for image: ID=7236, file=C:\xampp\htdocs\Wordpress/wp-content/uploads/C:/xampp/htdocs/Wordpress/wp-content/uploads/2025/08/IMG_20250625_112258-768x1024.jpg 
[2026-08-29 16:23:07 : INFO] - Could not find file for image: ID=7231, file=C:\xampp\htdocs\Wordpress/wp-content/uploads/C:/xampp/htdocs/Wordpress/wp-content/uploads/2025/08/IMG_20250625_112258-225x300.jpg 
[2026-08-29 16:23:07 : INFO] - Could not find file for image: ID=7232, file=C:\xampp\htdocs\Wordpress/wp-content/uploads/C:/xampp/htdocs/Wordpress/wp-content/uploads/2025/08/IMG_20250625_112258-225x300.jpg 
[2026-08-29 16:23:07 : INFO] - Could not find file for image: ID=7233, file=C:\xampp\htdocs\Wordpress/wp-content/uploads/C:/xampp/htdocs/Wordpress/wp-content/uploads/2025/08/IMG_20250625_112258-500x667.jpg 
[2026-08-29 16:23:07 : INFO] - Could not find file for image: ID=7234, file=C:\xampp\htdocs\Wordpress/wp-content/uploads/C:/xampp/htdocs/Wordpress/wp-content/uploads/2025/08/IMG_20250625_112258-500x667.jpg 
[2026-08-29 16:23:07 : INFO] - Could not find file for image: ID=7230, file=C:\xampp\htdocs\Wordpress/wp-content/uploads/C:/xampp/htdocs/Wordpress/wp-content/uploads/2025/08/IMG_20250625_112258-1920x2560.jpg 
[2026-08-29 16:23:07 : INFO] - Could not find file for image: ID=7229, file=C:\xampp\htdocs\Wordpress/wp-content/uploads/C:/xampp/htdocs/Wordpress/wp-content/uploads/2025/08/IMG_20250625_112258-1920x2560.jpg 
[2026-08-29 16:23:07 : INFO] - Could not find file for image: ID=7225, file=C:\xampp\htdocs\Wordpress/wp-content/uploads/C:/xampp/htdocs/Wordpress/wp-content/uploads/2025/08/IMG_20250625_112258-150x150.jpg 
[2026-08-29 16:23:07 : INFO] - Could not find file for image: ID=7226, file=C:\xampp\htdocs\Wordpress/wp-content/uploads/C:/xampp/htdocs/Wordpress/wp-content/uploads/2025/08/IMG_20250625_112258-150x150.jpg 
[2026-08-29 16:23:07 : INFO] - Could not find file for image: ID=7227, file=C:\xampp\htdocs\Wordpress/wp-content/uploads/C:/xampp/htdocs/Wordpress/wp-content/uploads/2025/08/IMG_20250625_112258-1536x2048.jpg 
[2026-08-29 16:23:07 : INFO] - Could not find file for image: ID=7228, file=C:\xampp\htdocs\Wordpress/wp-content/uploads/C:/xampp/htdocs/Wordpress/wp-content/uploads/2025/08/IMG_20250625_112258-1536x2048.jpg 
[2026-08-29 16:23:07 : INFO] - Could not find file for image: ID=7223, file=C:\xampp\htdocs\Wordpress/wp-content/uploads/C:/xampp/htdocs/Wordpress/wp-content/uploads/2025/08/IMG_20250625_112258-1280x1707.jpg 
[2026-08-29 16:23:07 : INFO] - Could not find file for image: ID=7224, file=C:\xampp\htdocs\Wordpress/wp-content/uploads/C:/xampp/htdocs/Wordpress/wp-content/uploads/2025/08/IMG_20250625_112258-1280x1707.jpg 
[2026-08-29 16:23:07 : INFO] - Could not find file for image: ID=7221, file=C:\xampp\htdocs\Wordpress/wp-content/uploads/C:/xampp/htdocs/Wordpress/wp-content/uploads/2025/08/IMG_20250625_112258-1152x1536.jpg 
[2026-08-29 16:23:07 : INFO] - Could not find file for image: ID=7222, file=C:\xampp\htdocs\Wordpress/wp-content/uploads/C:/xampp/htdocs/Wordpress/wp-content/uploads/2025/08/IMG_20250625_112258-1152x1536.jpg 
[2026-08-29 16:23:07 : INFO] - Could not find file for image: ID=7219, file=C:\xampp\htdocs\Wordpress/wp-content/uploads/C:/xampp/htdocs/Wordpress/wp-content/uploads/2025/08/IMG_20250625_110422-800x1067.jpg 
[2026-08-29 16:23:07 : INFO] - Could not find file for image: ID=7220, file=C:\xampp\htdocs\Wordpress/wp-content/uploads/C:/xampp/htdocs/Wordpress/wp-content/uploads/2025/08/IMG_20250625_110422-800x1067.jpg 
[2026-08-29 16:23:07 : INFO] - Could not find file for image: ID=7215, file=C:\xampp\htdocs\Wordpress/wp-content/uploads/C:/xampp/htdocs/Wordpress/wp-content/uploads/2025/08/IMG_20250625_110422-500x667.jpg 
[2026-08-29 16:23:07 : INFO] - Could not find file for image: ID=7216, file=C:\xampp\htdocs\Wordpress/wp-content/uploads/C:/xampp/htdocs/Wordpress/wp-content/uploads/2025/08/IMG_20250625_110422-500x667.jpg 
[2026-08-29 16:23:07 : INFO] - Could not find file for image: ID=7217, file=C:\xampp\htdocs\Wordpress/wp-content/uploads/C:/xampp/htdocs/Wordpress/wp-content/uploads/2025/08/IMG_20250625_110422-768x1024.jpg 
[2026-08-29 16:23:07 : INFO] - Could not find file for image: ID=7218, file=C:\xampp\htdocs\Wordpress/wp-content/uploads/C:/xampp/htdocs/Wordpress/wp-content/uploads/2025/08/IMG_20250625_110422-768x1024.jpg 
[2026-08-29 16:23:07 : INFO] - Could not find file for image: ID=7214, file=C:\xampp\htdocs\Wordpress/wp-content/uploads/C:/xampp/htdocs/Wordpress/wp-content/uploads/2025/08/IMG_20250625_110422-225x300.jpg 
[2026-08-29 16:23:07 : INFO] - Could not find file for image: ID=7213, file=C:\xampp\htdocs\Wordpress/wp-content/uploads/C:/xampp/htdocs/Wordpress/wp-content/uploads/2025/08/IMG_20250625_110422-225x300.jpg 
[2026-08-29 16:23:07 : INFO] - Could not find file for image: ID=7211, file=C:\xampp\htdocs\Wordpress/wp-content/uploads/C:/xampp/htdocs/Wordpress/wp-content/uploads/2025/08/IMG_20250625_110422-1920x2560.jpg 
[2026-08-29 16:23:07 : INFO] - Could not find file for image: ID=7212, file=C:\xampp\htdocs\Wordpress/wp-content/uploads/C:/xampp/htdocs/Wordpress/wp-content/uploads/2025/08/IMG_20250625_110422-1920x2560.jpg 
[2026-08-29 16:23:07 : INFO] - Could not find file for image: ID=7207, file=C:\xampp\htdocs\Wordpress/wp-content/uploads/C:/xampp/htdocs/Wordpress/wp-content/uploads/2025/08/IMG_20250625_110422-150x150.jpg 
[2026-08-29 16:23:07 : INFO] - Could not find file for image: ID=7208, file=C:\xampp\htdocs\Wordpress/wp-content/uploads/C:/xampp/htdocs/Wordpress/wp-content/uploads/2025/08/IMG_20250625_110422-150x150.jpg 
[2026-08-29 16:23:07 : INFO] - Could not find file for image: ID=7209, file=C:\xampp\htdocs\Wordpress/wp-content/uploads/C:/xampp/htdocs/Wordpress/wp-content/uploads/2025/08/IMG_20250625_110422-1536x2048.jpg 
[2026-08-29 16:23:07 : INFO] - Could not find file for image: ID=7210, file=C:\xampp\htdocs\Wordpress/wp-content/uploads/C:/xampp/htdocs/Wordpress/wp-content/uploads/2025/08/IMG_20250625_110422-1536x2048.jpg 
[2026-08-29 16:23:07 : INFO] - Could not find file for image: ID=7205, file=C:\xampp\htdocs\Wordpress/wp-content/uploads/C:/xampp/htdocs/Wordpress/wp-content/uploads/2025/08/IMG_20250625_110422-1280x1707.jpg 
[2026-08-29 16:23:07 : INFO] - Could not find file for image: ID=7206, file=C:\xampp\htdocs\Wordpress/wp-content/uploads/C:/xampp/htdocs/Wordpress/wp-content/uploads/2025/08/IMG_20250625_110422-1280x1707.jpg 
[2026-08-29 16:23:07 : INFO] - Could not find file for image: ID=7203, file=C:\xampp\htdocs\Wordpress/wp-content/uploads/C:/xampp/htdocs/Wordpress/wp-content/uploads/2025/08/IMG_20250625_110422-1152x1536.jpg 
[2026-08-29 16:23:07 : INFO] - Could not find file for image: ID=7204, file=C:\xampp\htdocs\Wordpress/wp-content/uploads/C:/xampp/htdocs/Wordpress/wp-content/uploads/2025/08/IMG_20250625_110422-1152x1536.jpg 
[2026-08-29 16:23:07 : INFO] - Could not find file for image: ID=7202, file=C:\xampp\htdocs\Wordpress/wp-content/uploads/C:/xampp/htdocs/Wordpress/wp-content/uploads/2025/08/IMG_20250625_105448-800x1067.jpg 
[2026-08-29 16:23:07 : INFO] - Could not find file for image: ID=7199, file=C:\xampp\htdocs\Wordpress/wp-content/uploads/C:/xampp/htdocs/Wordpress/wp-content/uploads/2025/08/IMG_20250625_105448-225x300.jpg 
[2026-08-29 16:23:07 : INFO] - Could not find file for image: ID=7200, file=C:\xampp\htdocs\Wordpress/wp-content/uploads/C:/xampp/htdocs/Wordpress/wp-content/uploads/2025/08/IMG_20250625_105448-500x667.jpg 
[2026-08-29 16:23:07 : INFO] - Could not find file for image: ID=7201, file=C:\xampp\htdocs\Wordpress/wp-content/uploads/C:/xampp/htdocs/Wordpress/wp-content/uploads/2025/08/IMG_20250625_105448-768x1024.jpg 
[2026-08-29 16:23:07 : INFO] - Could not find file for image: ID=7198, file=C:\xampp\htdocs\Wordpress/wp-content/uploads/C:/xampp/htdocs/Wordpress/wp-content/uploads/2025/08/IMG_20250625_105448-1920x2560.jpg 
[2026-08-29 16:23:07 : INFO] - Could not find file for image: ID=7197, file=C:\xampp\htdocs\Wordpress/wp-content/uploads/C:/xampp/htdocs/Wordpress/wp-content/uploads/2025/08/IMG_20250625_105448-1536x2048.jpg 
[2026-08-29 16:23:07 : INFO] - Could not find file for image: ID=7196, file=C:\xampp\htdocs\Wordpress/wp-content/uploads/C:/xampp/htdocs/Wordpress/wp-content/uploads/2025/08/IMG_20250625_105448-150x150.jpg 
[2026-08-29 16:23:07 : INFO] - Could not find file for image: ID=7194, file=C:\xampp\htdocs\Wordpress/wp-content/uploads/C:/xampp/htdocs/Wordpress/wp-content/uploads/2025/08/IMG_20250625_105448-1152x1536.jpg 
[2026-08-29 16:23:07 : INFO] - Could not find file for image: ID=7195, file=C:\xampp\htdocs\Wordpress/wp-content/uploads/C:/xampp/htdocs/Wordpress/wp-content/uploads/2025/08/IMG_20250625_105448-1280x1707.jpg 
[2026-08-29 16:23:07 : INFO] - Could not find file for image: ID=7193, file=C:\xampp\htdocs\Wordpress/wp-content/uploads/C:/xampp/htdocs/Wordpress/wp-content/uploads/2025/08/IMG_20250625_103922-800x1067.jpg 
[2026-08-29 16:23:07 : INFO] - Could not find file for image: ID=7191, file=C:\xampp\htdocs\Wordpress/wp-content/uploads/C:/xampp/htdocs/Wordpress/wp-content/uploads/2025/08/IMG_20250625_103922-500x667.jpg 
[2026-08-29 16:23:07 : INFO] - Could not find file for image: ID=7192, file=C:\xampp\htdocs\Wordpress/wp-content/uploads/C:/xampp/htdocs/Wordpress/wp-content/uploads/2025/08/IMG_20250625_103922-768x1024.jpg 
[2026-08-29 16:23:07 : INFO] - Could not find file for image: ID=7190, file=C:\xampp\htdocs\Wordpress/wp-content/uploads/C:/xampp/htdocs/Wordpress/wp-content/uploads/2025/08/IMG_20250625_103922-225x300.jpg 
[2026-08-29 16:23:07 : INFO] - Could not find file for image: ID=7189, file=C:\xampp\htdocs\Wordpress/wp-content/uploads/C:/xampp/htdocs/Wordpress/wp-content/uploads/2025/08/IMG_20250625_103922-1920x2560.jpg 
[2026-08-29 16:23:07 : INFO] - Could not find file for image: ID=7187, file=C:\xampp\htdocs\Wordpress/wp-content/uploads/C:/xampp/htdocs/Wordpress/wp-content/uploads/2025/08/IMG_20250625_103922-150x150.jpg 
[2026-08-29 16:23:07 : INFO] - Could not find file for image: ID=7188, file=C:\xampp\htdocs\Wordpress/wp-content/uploads/C:/xampp/htdocs/Wordpress/wp-content/uploads/2025/08/IMG_20250625_103922-1536x2048.jpg 
[2026-08-29 16:23:07 : INFO] - Could not find file for image: ID=7186, file=C:\xampp\htdocs\Wordpress/wp-content/uploads/C:/xampp/htdocs/Wordpress/wp-content/uploads/2025/08/IMG_20250625_103922-1280x1707.jpg 
[2026-08-29 16:23:07 : INFO] - Could not find file for image: ID=7185, file=C:\xampp\htdocs\Wordpress/wp-content/uploads/C:/xampp/htdocs/Wordpress/wp-content/uploads/2025/08/IMG_20250625_103922-1152x1536.jpg 
[2026-08-29 16:23:07 : INFO] - Could not find file for image: ID=7184, file=C:\xampp\htdocs\Wordpress/wp-content/uploads/C:/xampp/htdocs/Wordpress/wp-content/uploads/2025/08/DSCF2879-DxO_DeepPRIME-XD3-X-Trans-beta-800x1200.png 
[2026-08-29 16:23:07 : INFO] - Could not find file for image: ID=7183, file=C:\xampp\htdocs\Wordpress/wp-content/uploads/C:/xampp/htdocs/Wordpress/wp-content/uploads/2025/08/DSCF2879-DxO_DeepPRIME-XD3-X-Trans-beta-768x1152.png 
[2026-08-29 16:23:07 : INFO] - Could not find file for image: ID=7182, file=C:\xampp\htdocs\Wordpress/wp-content/uploads/C:/xampp/htdocs/Wordpress/wp-content/uploads/2025/08/DSCF2879-DxO_DeepPRIME-XD3-X-Trans-beta-683x1024.png 
[2026-08-29 16:23:07 : INFO] - Could not find file for image: ID=7179, file=C:\xampp\htdocs\Wordpress/wp-content/uploads/C:/xampp/htdocs/Wordpress/wp-content/uploads/2025/08/DSCF2879-DxO_DeepPRIME-XD3-X-Trans-beta-150x150.png 
[2026-08-29 16:23:07 : INFO] - Could not find file for image: ID=7180, file=C:\xampp\htdocs\Wordpress/wp-content/uploads/C:/xampp/htdocs/Wordpress/wp-content/uploads/2025/08/DSCF2879-DxO_DeepPRIME-XD3-X-Trans-beta-200x300.png 
[2026-08-29 16:23:07 : INFO] - Could not find file for image: ID=7181, file=C:\xampp\htdocs\Wordpress/wp-content/uploads/C:/xampp/htdocs/Wordpress/wp-content/uploads/2025/08/DSCF2879-DxO_DeepPRIME-XD3-X-Trans-beta-500x750.png 
[2026-08-29 16:23:07 : INFO] - Could not find file for image: ID=7178, file=C:\xampp\htdocs\Wordpress/wp-content/uploads/C:/xampp/htdocs/Wordpress/wp-content/uploads/2025/08/DSCF2878-DxO_DeepPRIME-XD3-X-Trans-beta-800x533.png 
[2026-08-29 16:23:07 : INFO] - Could not find file for image: ID=7177, file=C:\xampp\htdocs\Wordpress/wp-content/uploads/C:/xampp/htdocs/Wordpress/wp-content/uploads/2025/08/DSCF2878-DxO_DeepPRIME-XD3-X-Trans-beta-768x512.png 
[2026-08-29 16:23:07 : INFO] - Could not find file for image: ID=7174, file=C:\xampp\htdocs\Wordpress/wp-content/uploads/C:/xampp/htdocs/Wordpress/wp-content/uploads/2025/08/DSCF2878-DxO_DeepPRIME-XD3-X-Trans-beta-150x150.png 
[2026-08-29 16:23:07 : INFO] - Could not find file for image: ID=7175, file=C:\xampp\htdocs\Wordpress/wp-content/uploads/C:/xampp/htdocs/Wordpress/wp-content/uploads/2025/08/DSCF2878-DxO_DeepPRIME-XD3-X-Trans-beta-300x200.png 
[2026-08-29 16:23:07 : INFO] - Could not find file for image: ID=7176, file=C:\xampp\htdocs\Wordpress/wp-content/uploads/C:/xampp/htdocs/Wordpress/wp-content/uploads/2025/08/DSCF2878-DxO_DeepPRIME-XD3-X-Trans-beta-500x333.png 
[2026-08-29 16:23:07 : INFO] - Could not find file for image: ID=7173, file=C:\xampp\htdocs\Wordpress/wp-content/uploads/C:/xampp/htdocs/Wordpress/wp-content/uploads/2025/08/DSCF2878-DxO_DeepPRIME-XD3-X-Trans-beta-1280x853.png 
[2026-08-29 16:23:07 : INFO] - Could not find file for image: ID=7172, file=C:\xampp\htdocs\Wordpress/wp-content/uploads/C:/xampp/htdocs/Wordpress/wp-content/uploads/2025/08/DSCF2878-DxO_DeepPRIME-XD3-X-Trans-beta-1024x683.png 
[2026-08-29 16:23:07 : INFO] - Could not find file for image: ID=7164, file=C:\xampp\htdocs\Wordpress/wp-content/uploads/C:/xampp/htdocs/Wordpress/wp-content/uploads/2025/08/DSCF2875-DxO_DeepPRIME-XD3-X-Trans-beta-1-800x533.png 
[2026-08-29 16:23:07 : INFO] - Could not find file for image: ID=7162, file=C:\xampp\htdocs\Wordpress/wp-content/uploads/C:/xampp/htdocs/Wordpress/wp-content/uploads/2025/08/DSCF2875-DxO_DeepPRIME-XD3-X-Trans-beta-1-500x333.png 
[2026-08-29 16:23:07 : INFO] - Could not find file for image: ID=7163, file=C:\xampp\htdocs\Wordpress/wp-content/uploads/C:/xampp/htdocs/Wordpress/wp-content/uploads/2025/08/DSCF2875-DxO_DeepPRIME-XD3-X-Trans-beta-1-768x512.png 
[2026-08-29 16:23:07 : INFO] - Could not find file for image: ID=7160, file=C:\xampp\htdocs\Wordpress/wp-content/uploads/C:/xampp/htdocs/Wordpress/wp-content/uploads/2025/08/DSCF2875-DxO_DeepPRIME-XD3-X-Trans-beta-1-150x150.png 
[2026-08-29 16:23:07 : INFO] - Could not find file for image: ID=7161, file=C:\xampp\htdocs\Wordpress/wp-content/uploads/C:/xampp/htdocs/Wordpress/wp-content/uploads/2025/08/DSCF2875-DxO_DeepPRIME-XD3-X-Trans-beta-1-300x200.png 
[2026-08-29 16:23:07 : INFO] - Could not find file for image: ID=7158, file=C:\xampp\htdocs\Wordpress/wp-content/uploads/C:/xampp/htdocs/Wordpress/wp-content/uploads/2025/08/DSCF2875-DxO_DeepPRIME-XD3-X-Trans-beta-1-1024x683.png 
[2026-08-29 16:23:07 : INFO] - Could not find file for image: ID=7159, file=C:\xampp\htdocs\Wordpress/wp-content/uploads/C:/xampp/htdocs/Wordpress/wp-content/uploads/2025/08/DSCF2875-DxO_DeepPRIME-XD3-X-Trans-beta-1-1280x853.png 
[2026-08-29 16:23:07 : INFO] - Could not find file for image: ID=7157, file=C:\xampp\htdocs\Wordpress/wp-content/uploads/C:/xampp/htdocs/Wordpress/wp-content/uploads/2025/08/291065-big-500x500.jpg 
[2026-08-29 16:23:07 : INFO] - Could not find file for image: ID=7155, file=C:\xampp\htdocs\Wordpress/wp-content/uploads/C:/xampp/htdocs/Wordpress/wp-content/uploads/2025/08/291065-big-150x150.jpg 
[2026-08-29 16:23:07 : INFO] - Could not find file for image: ID=7156, file=C:\xampp\htdocs\Wordpress/wp-content/uploads/C:/xampp/htdocs/Wordpress/wp-content/uploads/2025/08/291065-big-300x300.jpg 
[2026-08-29 16:23:07 : INFO] - Could not find file for image: ID=7154, file=C:\xampp\htdocs\Wordpress/wp-content/uploads/C:/xampp/htdocs/Wordpress/wp-content/uploads/2025/06/DSCF0806-800x533.jpg 
[2026-08-29 16:23:07 : INFO] - Could not find file for image: ID=7152, file=C:\xampp\htdocs\Wordpress/wp-content/uploads/C:/xampp/htdocs/Wordpress/wp-content/uploads/2025/06/DSCF0806-500x333.jpg 
[2026-08-29 16:23:07 : INFO] - Could not find file for image: ID=7153, file=C:\xampp\htdocs\Wordpress/wp-content/uploads/C:/xampp/htdocs/Wordpress/wp-content/uploads/2025/06/DSCF0806-768x512.jpg 
[2026-08-29 16:23:07 : INFO] - Could not find file for image: ID=7151, file=C:\xampp\htdocs\Wordpress/wp-content/uploads/C:/xampp/htdocs/Wordpress/wp-content/uploads/2025/06/DSCF0806-300x200.jpg 
[2026-08-29 16:23:07 : INFO] - Could not find file for image: ID=7150, file=C:\xampp\htdocs\Wordpress/wp-content/uploads/C:/xampp/htdocs/Wordpress/wp-content/uploads/2025/06/DSCF0806-2048x1365.jpg 
[2026-08-29 16:23:07 : INFO] - Could not find file for image: ID=7149, file=C:\xampp\htdocs\Wordpress/wp-content/uploads/C:/xampp/htdocs/Wordpress/wp-content/uploads/2025/06/DSCF0806-1920x1280.jpg 
[2026-08-29 16:23:07 : INFO] - Could not find file for image: ID=7147, file=C:\xampp\htdocs\Wordpress/wp-content/uploads/C:/xampp/htdocs/Wordpress/wp-content/uploads/2025/06/DSCF0806-150x150.jpg 
[2026-08-29 16:23:07 : INFO] - Could not find file for image: ID=7148, file=C:\xampp\htdocs\Wordpress/wp-content/uploads/C:/xampp/htdocs/Wordpress/wp-content/uploads/2025/06/DSCF0806-1536x1024.jpg 
[2026-08-29 16:23:07 : INFO] - Could not find file for image: ID=7146, file=C:\xampp\htdocs\Wordpress/wp-content/uploads/C:/xampp/htdocs/Wordpress/wp-content/uploads/2025/06/DSCF0806-1280x853.jpg 
[2026-08-29 16:23:07 : INFO] - Could not find file for image: ID=7145, file=C:\xampp\htdocs\Wordpress/wp-content/uploads/C:/xampp/htdocs/Wordpress/wp-content/uploads/2025/06/DSCF0806-1024x683.jpg 
[2026-08-29 16:23:07 : INFO] - Could not find file for image: ID=7144, file=C:\xampp\htdocs\Wordpress/wp-content/uploads/C:/xampp/htdocs/Wordpress/wp-content/uploads/2025/06/DSCF0805-800x533.jpg 
[2026-08-29 16:23:07 : INFO] - Could not find file for image: ID=7142, file=C:\xampp\htdocs\Wordpress/wp-content/uploads/C:/xampp/htdocs/Wordpress/wp-content/uploads/2025/06/DSCF0805-500x333.jpg 
[2026-08-29 16:23:07 : INFO] - Could not find file for image: ID=7143, file=C:\xampp\htdocs\Wordpress/wp-content/uploads/C:/xampp/htdocs/Wordpress/wp-content/uploads/2025/06/DSCF0805-768x512.jpg 
[2026-08-29 16:23:07 : INFO] - Could not find file for image: ID=7141, file=C:\xampp\htdocs\Wordpress/wp-content/uploads/C:/xampp/htdocs/Wordpress/wp-content/uploads/2025/06/DSCF0805-300x200.jpg 
[2026-08-29 16:23:07 : INFO] - Could not find file for image: ID=7140, file=C:\xampp\htdocs\Wordpress/wp-content/uploads/C:/xampp/htdocs/Wordpress/wp-content/uploads/2025/06/DSCF0805-2048x1365.jpg 
[2026-08-29 16:23:07 : INFO] - Could not find file for image: ID=7139, file=C:\xampp\htdocs\Wordpress/wp-content/uploads/C:/xampp/htdocs/Wordpress/wp-content/uploads/2025/06/DSCF0805-1920x1280.jpg 
[2026-08-29 16:23:07 : INFO] - Could not find file for image: ID=7138, file=C:\xampp\htdocs\Wordpress/wp-content/uploads/C:/xampp/htdocs/Wordpress/wp-content/uploads/2025/06/DSCF0805-1536x1024.jpg 
[2026-08-29 16:23:07 : INFO] - Could not find file for image: ID=7137, file=C:\xampp\htdocs\Wordpress/wp-content/uploads/C:/xampp/htdocs/Wordpress/wp-content/uploads/2025/06/DSCF0805-150x150.jpg 
[2026-08-29 16:23:07 : INFO] - Could not find file for image: ID=7136, file=C:\xampp\htdocs\Wordpress/wp-content/uploads/C:/xampp/htdocs/Wordpress/wp-content/uploads/2025/06/DSCF0805-1280x853.jpg 
[2026-08-29 16:23:07 : INFO] - Could not find file for image: ID=7135, file=C:\xampp\htdocs\Wordpress/wp-content/uploads/C:/xampp/htdocs/Wordpress/wp-content/uploads/2025/06/DSCF0805-1024x683.jpg 
[2026-08-29 16:23:07 : INFO] - Could not find file for image: ID=7132, file=C:\xampp\htdocs\Wordpress/wp-content/uploads/C:/xampp/htdocs/Wordpress/wp-content/uploads/2025/06/D.07020_D.07021_c49_p14_15-800x710.jpg 
[2026-08-29 16:23:07 : INFO] - Could not find file for image: ID=7128, file=C:\xampp\htdocs\Wordpress/wp-content/uploads/C:/xampp/htdocs/Wordpress/wp-content/uploads/2025/06/D.07020_D.07021_c49_p14_15-500x443.jpg 
[2026-08-29 16:23:07 : INFO] - Could not find file for image: ID=7130, file=C:\xampp\htdocs\Wordpress/wp-content/uploads/C:/xampp/htdocs/Wordpress/wp-content/uploads/2025/06/D.07020_D.07021_c49_p14_15-768x681.jpg 
[2026-08-29 16:23:07 : INFO] - Could not find file for image: ID=7124, file=C:\xampp\htdocs\Wordpress/wp-content/uploads/C:/xampp/htdocs/Wordpress/wp-content/uploads/2025/06/D.07020_D.07021_c49_p14_15-150x150.jpg 
[2026-08-29 16:23:07 : INFO] - Could not find file for image: ID=7126, file=C:\xampp\htdocs\Wordpress/wp-content/uploads/C:/xampp/htdocs/Wordpress/wp-content/uploads/2025/06/D.07020_D.07021_c49_p14_15-300x266.jpg 
[2026-08-29 16:23:07 : INFO] - Could not find file for image: ID=7120, file=C:\xampp\htdocs\Wordpress/wp-content/uploads/C:/xampp/htdocs/Wordpress/wp-content/uploads/2025/06/D.07020_D.07021_c49_p14_15-1280x1135.jpg 
[2026-08-29 16:23:07 : INFO] - Could not find file for image: ID=7118, file=C:\xampp\htdocs\Wordpress/wp-content/uploads/C:/xampp/htdocs/Wordpress/wp-content/uploads/2025/06/D.07020_D.07021_c49_p14_15-1024x908.jpg 
[2026-08-29 16:23:07 : INFO] - Could not find file for image: ID=7116, file=C:\xampp\htdocs\Wordpress/wp-content/uploads/C:/xampp/htdocs/Wordpress/wp-content/uploads/2025/06/Carte_de_la_France_coutumiere_.Klimrath_Henri_btv1b53035277n_1-3-800x581.jpg 
[2026-08-29 16:23:07 : INFO] - Could not find file for image: ID=7112, file=C:\xampp\htdocs\Wordpress/wp-content/uploads/C:/xampp/htdocs/Wordpress/wp-content/uploads/2025/06/Carte_de_la_France_coutumiere_.Klimrath_Henri_btv1b53035277n_1-3-500x363.jpg 
[2026-08-29 16:23:07 : INFO] - Could not find file for image: ID=7114, file=C:\xampp\htdocs\Wordpress/wp-content/uploads/C:/xampp/htdocs/Wordpress/wp-content/uploads/2025/06/Carte_de_la_France_coutumiere_.Klimrath_Henri_btv1b53035277n_1-3-768x558.jpg 
[2026-08-29 16:23:07 : INFO] - Could not find file for image: ID=7110, file=C:\xampp\htdocs\Wordpress/wp-content/uploads/C:/xampp/htdocs/Wordpress/wp-content/uploads/2025/06/Carte_de_la_France_coutumiere_.Klimrath_Henri_btv1b53035277n_1-3-300x218.jpg 
[2026-08-29 16:23:07 : INFO] - Could not find file for image: ID=7109, file=C:\xampp\htdocs\Wordpress/wp-content/uploads/C:/xampp/htdocs/Wordpress/wp-content/uploads/2025/06/Carte_de_la_France_coutumiere_.Klimrath_Henri_btv1b53035277n_1-3-2048x1487.jpg 
[2026-08-29 16:23:07 : INFO] - Could not find file for image: ID=7107, file=C:\xampp\htdocs\Wordpress/wp-content/uploads/C:/xampp/htdocs/Wordpress/wp-content/uploads/2025/06/Carte_de_la_France_coutumiere_.Klimrath_Henri_btv1b53035277n_1-3-1920x1394.jpg 
[2026-08-29 16:23:07 : INFO] - Could not find file for image: ID=7106, file=C:\xampp\htdocs\Wordpress/wp-content/uploads/C:/xampp/htdocs/Wordpress/wp-content/uploads/2025/06/Carte_de_la_France_coutumiere_.Klimrath_Henri_btv1b53035277n_1-3-1536x1115.jpg 
[2026-08-29 16:23:07 : INFO] - Could not find file for image: ID=7105, file=C:\xampp\htdocs\Wordpress/wp-content/uploads/C:/xampp/htdocs/Wordpress/wp-content/uploads/2025/06/Carte_de_la_France_coutumiere_.Klimrath_Henri_btv1b53035277n_1-3-150x150.jpg 
[2026-08-29 16:23:07 : INFO] - Could not find file for image: ID=7102, file=C:\xampp\htdocs\Wordpress/wp-content/uploads/C:/xampp/htdocs/Wordpress/wp-content/uploads/2025/06/Carte_de_la_France_coutumiere_.Klimrath_Henri_btv1b53035277n_1-3-1280x929.jpg 
[2026-08-29 16:23:07 : INFO] - Could not find file for image: ID=7101, file=C:\xampp\htdocs\Wordpress/wp-content/uploads/C:/xampp/htdocs/Wordpress/wp-content/uploads/2025/06/Carte_de_la_France_coutumiere_.Klimrath_Henri_btv1b53035277n_1-3-1024x743.jpg 
[2026-08-29 16:23:07 : INFO] - Could not find file for image: ID=7098, file=C:\xampp\htdocs\Wordpress/wp-content/uploads/C:/xampp/htdocs/Wordpress/wp-content/uploads/2025/06/88018195_a3570c67e5_o-768x576.jpg 
[2026-08-29 16:23:07 : INFO] - Could not find file for image: ID=7100, file=C:\xampp\htdocs\Wordpress/wp-content/uploads/C:/xampp/htdocs/Wordpress/wp-content/uploads/2025/06/88018195_a3570c67e5_o-800x600.jpg 
[2026-08-29 16:23:07 : INFO] - Could not find file for image: ID=7096, file=C:\xampp\htdocs\Wordpress/wp-content/uploads/C:/xampp/htdocs/Wordpress/wp-content/uploads/2025/06/88018195_a3570c67e5_o-300x225.jpg 
[2026-08-29 16:23:07 : INFO] - Could not find file for image: ID=7097, file=C:\xampp\htdocs\Wordpress/wp-content/uploads/C:/xampp/htdocs/Wordpress/wp-content/uploads/2025/06/88018195_a3570c67e5_o-500x375.jpg 
[2026-08-29 16:23:07 : INFO] - Could not find file for image: ID=7091, file=C:\xampp\htdocs\Wordpress/wp-content/uploads/C:/xampp/htdocs/Wordpress/wp-content/uploads/2025/06/88018195_a3570c67e5_o-2048x1536.jpg 
[2026-08-29 16:23:07 : INFO] - Could not find file for image: ID=7089, file=C:\xampp\htdocs\Wordpress/wp-content/uploads/C:/xampp/htdocs/Wordpress/wp-content/uploads/2025/06/88018195_a3570c67e5_o-1920x1440.jpg 
[2026-08-29 16:23:07 : INFO] - Could not find file for image: ID=7087, file=C:\xampp\htdocs\Wordpress/wp-content/uploads/C:/xampp/htdocs/Wordpress/wp-content/uploads/2025/06/88018195_a3570c67e5_o-1536x1152.jpg 
[2026-08-29 16:23:07 : INFO] - Could not find file for image: ID=7085, file=C:\xampp\htdocs\Wordpress/wp-content/uploads/C:/xampp/htdocs/Wordpress/wp-content/uploads/2025/06/88018195_a3570c67e5_o-150x150.jpg 
[2026-08-29 16:23:07 : INFO] - Could not find file for image: ID=7084, file=C:\xampp\htdocs\Wordpress/wp-content/uploads/C:/xampp/htdocs/Wordpress/wp-content/uploads/2025/06/88018195_a3570c67e5_o-1280x960.jpg 
[2026-08-29 16:23:07 : INFO] - Could not find file for image: ID=7083, file=C:\xampp\htdocs\Wordpress/wp-content/uploads/C:/xampp/htdocs/Wordpress/wp-content/uploads/2025/06/88018195_a3570c67e5_o-1024x768.jpg 
[2026-08-29 16:23:07 : INFO] - Could not find file for image: ID=7081, file=C:\xampp\htdocs\Wordpress/wp-content/uploads/C:/xampp/htdocs/Wordpress/wp-content/uploads/2025/05/The_Lighthouse_061-800x667.jpg 
[2026-08-29 16:23:07 : INFO] - Could not find file for image: ID=7079, file=C:\xampp\htdocs\Wordpress/wp-content/uploads/C:/xampp/htdocs/Wordpress/wp-content/uploads/2025/05/The_Lighthouse_061-500x417.jpg 
[2026-08-29 16:23:07 : INFO] - Could not find file for image: ID=7080, file=C:\xampp\htdocs\Wordpress/wp-content/uploads/C:/xampp/htdocs/Wordpress/wp-content/uploads/2025/05/The_Lighthouse_061-768x640.jpg 
[2026-08-29 16:23:07 : INFO] - Could not find file for image: ID=7077, file=C:\xampp\htdocs\Wordpress/wp-content/uploads/C:/xampp/htdocs/Wordpress/wp-content/uploads/2025/05/The_Lighthouse_061-150x150.jpg 
[2026-08-29 16:23:07 : INFO] - Could not find file for image: ID=7078, file=C:\xampp\htdocs\Wordpress/wp-content/uploads/C:/xampp/htdocs/Wordpress/wp-content/uploads/2025/05/The_Lighthouse_061-300x250.jpg 
[2026-08-29 16:23:07 : INFO] - Could not find file for image: ID=7075, file=C:\xampp\htdocs\Wordpress/wp-content/uploads/C:/xampp/htdocs/Wordpress/wp-content/uploads/2025/05/The_Lighthouse_058-800x667.jpg 
[2026-08-29 16:23:07 : INFO] - Could not find file for image: ID=7072, file=C:\xampp\htdocs\Wordpress/wp-content/uploads/C:/xampp/htdocs/Wordpress/wp-content/uploads/2025/05/The_Lighthouse_058-500x417.jpg 
[2026-08-29 16:23:07 : INFO] - Could not find file for image: ID=7073, file=C:\xampp\htdocs\Wordpress/wp-content/uploads/C:/xampp/htdocs/Wordpress/wp-content/uploads/2025/05/The_Lighthouse_058-768x640.jpg 
[2026-08-29 16:23:07 : INFO] - Could not find file for image: ID=7070, file=C:\xampp\htdocs\Wordpress/wp-content/uploads/C:/xampp/htdocs/Wordpress/wp-content/uploads/2025/05/The_Lighthouse_058-300x250.jpg 
[2026-08-29 16:23:07 : INFO] - Could not find file for image: ID=7069, file=C:\xampp\htdocs\Wordpress/wp-content/uploads/C:/xampp/htdocs/Wordpress/wp-content/uploads/2025/05/The_Lighthouse_058-150x150.jpg 
[2026-08-29 16:23:07 : INFO] - Could not find file for image: ID=7066, file=C:\xampp\htdocs\Wordpress/wp-content/uploads/C:/xampp/htdocs/Wordpress/wp-content/uploads/2025/05/The_Lighthouse_052-800x667.jpg 
[2026-08-29 16:23:07 : INFO] - Could not find file for image: ID=7063, file=C:\xampp\htdocs\Wordpress/wp-content/uploads/C:/xampp/htdocs/Wordpress/wp-content/uploads/2025/05/The_Lighthouse_052-500x417.jpg 
[2026-08-29 16:23:07 : INFO] - Could not find file for image: ID=7064, file=C:\xampp\htdocs\Wordpress/wp-content/uploads/C:/xampp/htdocs/Wordpress/wp-content/uploads/2025/05/The_Lighthouse_052-768x640.jpg 
[2026-08-29 16:23:07 : INFO] - Could not find file for image: ID=7061, file=C:\xampp\htdocs\Wordpress/wp-content/uploads/C:/xampp/htdocs/Wordpress/wp-content/uploads/2025/05/The_Lighthouse_052-150x150.jpg 
[2026-08-29 16:23:07 : INFO] - Could not find file for image: ID=7062, file=C:\xampp\htdocs\Wordpress/wp-content/uploads/C:/xampp/htdocs/Wordpress/wp-content/uploads/2025/05/The_Lighthouse_052-300x250.jpg 
[2026-08-29 16:23:07 : INFO] - Could not find file for image: ID=7060, file=C:\xampp\htdocs\Wordpress/wp-content/uploads/C:/xampp/htdocs/Wordpress/wp-content/uploads/2025/05/The_Lighthouse_049-800x667.jpg 
[2026-08-29 16:23:07 : INFO] - Could not find file for image: ID=7057, file=C:\xampp\htdocs\Wordpress/wp-content/uploads/C:/xampp/htdocs/Wordpress/wp-content/uploads/2025/05/The_Lighthouse_049-500x417.jpg 
[2026-08-29 16:23:07 : INFO] - Could not find file for image: ID=7058, file=C:\xampp\htdocs\Wordpress/wp-content/uploads/C:/xampp/htdocs/Wordpress/wp-content/uploads/2025/05/The_Lighthouse_049-768x640.jpg 
[2026-08-29 16:23:07 : INFO] - Could not find file for image: ID=7055, file=C:\xampp\htdocs\Wordpress/wp-content/uploads/C:/xampp/htdocs/Wordpress/wp-content/uploads/2025/05/The_Lighthouse_049-150x150.jpg 
[2026-08-29 16:23:07 : INFO] - Could not find file for image: ID=7056, file=C:\xampp\htdocs\Wordpress/wp-content/uploads/C:/xampp/htdocs/Wordpress/wp-content/uploads/2025/05/The_Lighthouse_049-300x250.jpg 
[2026-08-29 16:23:07 : INFO] - Could not find file for image: ID=7053, file=C:\xampp\htdocs\Wordpress/wp-content/uploads/C:/xampp/htdocs/Wordpress/wp-content/uploads/2025/05/The_Lighthouse_042-800x667.jpg 
[2026-08-29 16:23:07 : INFO] - Could not find file for image: ID=7051, file=C:\xampp\htdocs\Wordpress/wp-content/uploads/C:/xampp/htdocs/Wordpress/wp-content/uploads/2025/05/The_Lighthouse_042-500x417.jpg 
[2026-08-29 16:23:07 : INFO] - Could not find file for image: ID=7052, file=C:\xampp\htdocs\Wordpress/wp-content/uploads/C:/xampp/htdocs/Wordpress/wp-content/uploads/2025/05/The_Lighthouse_042-768x640.jpg 
[2026-08-29 16:23:07 : INFO] - Could not find file for image: ID=7048, file=C:\xampp\htdocs\Wordpress/wp-content/uploads/C:/xampp/htdocs/Wordpress/wp-content/uploads/2025/05/The_Lighthouse_042-150x150.jpg 
[2026-08-29 16:23:07 : INFO] - Could not find file for image: ID=7049, file=C:\xampp\htdocs\Wordpress/wp-content/uploads/C:/xampp/htdocs/Wordpress/wp-content/uploads/2025/05/The_Lighthouse_042-300x250.jpg 
[2026-08-29 16:23:07 : INFO] - Could not find file for image: ID=7045, file=C:\xampp\htdocs\Wordpress/wp-content/uploads/C:/xampp/htdocs/Wordpress/wp-content/uploads/2025/05/The_Lighthouse_021-800x667.jpg 
[2026-08-29 16:23:07 : INFO] - Could not find file for image: ID=7041, file=C:\xampp\htdocs\Wordpress/wp-content/uploads/C:/xampp/htdocs/Wordpress/wp-content/uploads/2025/05/The_Lighthouse_021-500x417.jpg 
[2026-08-29 16:23:07 : INFO] - Could not find file for image: ID=7043, file=C:\xampp\htdocs\Wordpress/wp-content/uploads/C:/xampp/htdocs/Wordpress/wp-content/uploads/2025/05/The_Lighthouse_021-768x640.jpg 
[2026-08-29 16:23:07 : INFO] - Could not find file for image: ID=7039, file=C:\xampp\htdocs\Wordpress/wp-content/uploads/C:/xampp/htdocs/Wordpress/wp-content/uploads/2025/05/The_Lighthouse_021-150x150.jpg 
[2026-08-29 16:23:07 : INFO] - Could not find file for image: ID=7040, file=C:\xampp\htdocs\Wordpress/wp-content/uploads/C:/xampp/htdocs/Wordpress/wp-content/uploads/2025/05/The_Lighthouse_021-300x250.jpg 
[2026-08-29 16:23:07 : INFO] - Could not find file for image: ID=7038, file=C:\xampp\htdocs\Wordpress/wp-content/uploads/C:/xampp/htdocs/Wordpress/wp-content/uploads/2025/05/The_Lighthouse_020-800x667.jpg 
[2026-08-29 16:23:07 : INFO] - Could not find file for image: ID=7035, file=C:\xampp\htdocs\Wordpress/wp-content/uploads/C:/xampp/htdocs/Wordpress/wp-content/uploads/2025/05/The_Lighthouse_020-500x417.jpg 
[2026-08-29 16:23:07 : INFO] - Could not find file for image: ID=7037, file=C:\xampp\htdocs\Wordpress/wp-content/uploads/C:/xampp/htdocs/Wordpress/wp-content/uploads/2025/05/The_Lighthouse_020-768x640.jpg 
[2026-08-29 16:23:07 : INFO] - Could not find file for image: ID=7033, file=C:\xampp\htdocs\Wordpress/wp-content/uploads/C:/xampp/htdocs/Wordpress/wp-content/uploads/2025/05/The_Lighthouse_020-150x150.jpg 
[2026-08-29 16:23:07 : INFO] - Could not find file for image: ID=7034, file=C:\xampp\htdocs\Wordpress/wp-content/uploads/C:/xampp/htdocs/Wordpress/wp-content/uploads/2025/05/The_Lighthouse_020-300x250.jpg 
[2026-08-29 16:23:07 : INFO] - Could not find file for image: ID=7031, file=C:\xampp\htdocs\Wordpress/wp-content/uploads/C:/xampp/htdocs/Wordpress/wp-content/uploads/2025/05/The_Lighthouse_013-800x667.jpg 
[2026-08-29 16:23:08 : INFO] - Could not find file for image: ID=7026, file=C:\xampp\htdocs\Wordpress/wp-content/uploads/C:/xampp/htdocs/Wordpress/wp-content/uploads/2025/05/The_Lighthouse_013-300x250.jpg 
[2026-08-29 16:23:08 : INFO] - Could not find file for image: ID=7028, file=C:\xampp\htdocs\Wordpress/wp-content/uploads/C:/xampp/htdocs/Wordpress/wp-content/uploads/2025/05/The_Lighthouse_013-500x417.jpg 
[2026-08-29 16:23:08 : INFO] - Could not find file for image: ID=7029, file=C:\xampp\htdocs\Wordpress/wp-content/uploads/C:/xampp/htdocs/Wordpress/wp-content/uploads/2025/05/The_Lighthouse_013-768x640.jpg 
[2026-08-29 16:23:08 : INFO] - Could not find file for image: ID=7022, file=C:\xampp\htdocs\Wordpress/wp-content/uploads/C:/xampp/htdocs/Wordpress/wp-content/uploads/2025/05/The_Lighthouse_011-800x667.jpg 
[2026-08-29 16:23:08 : INFO] - Could not find file for image: ID=7024, file=C:\xampp\htdocs\Wordpress/wp-content/uploads/C:/xampp/htdocs/Wordpress/wp-content/uploads/2025/05/The_Lighthouse_013-150x150.jpg 
[2026-08-29 16:23:08 : INFO] - Could not find file for image: ID=7021, file=C:\xampp\htdocs\Wordpress/wp-content/uploads/C:/xampp/htdocs/Wordpress/wp-content/uploads/2025/05/The_Lighthouse_011-768x640.jpg 
[2026-08-29 16:23:08 : INFO] - Could not find file for image: ID=7018, file=C:\xampp\htdocs\Wordpress/wp-content/uploads/C:/xampp/htdocs/Wordpress/wp-content/uploads/2025/05/The_Lighthouse_011-150x150.jpg 
[2026-08-29 16:23:08 : INFO] - Could not find file for image: ID=7019, file=C:\xampp\htdocs\Wordpress/wp-content/uploads/C:/xampp/htdocs/Wordpress/wp-content/uploads/2025/05/The_Lighthouse_011-300x250.jpg 
[2026-08-29 16:23:08 : INFO] - Could not find file for image: ID=7020, file=C:\xampp\htdocs\Wordpress/wp-content/uploads/C:/xampp/htdocs/Wordpress/wp-content/uploads/2025/05/The_Lighthouse_011-500x417.jpg 
[2026-08-29 16:23:08 : INFO] - Could not find file for image: ID=6939, file=C:\xampp\htdocs\Wordpress/wp-content/uploads/C:/xampp/htdocs/Wordpress/wp-content/uploads/2025/05/DSCF8590-800x533.png 
[2026-08-29 16:23:08 : INFO] - Could not find file for image: ID=6937, file=C:\xampp\htdocs\Wordpress/wp-content/uploads/C:/xampp/htdocs/Wordpress/wp-content/uploads/2025/05/DSCF8590-500x333.png 
[2026-08-29 16:23:08 : INFO] - Could not find file for image: ID=6938, file=C:\xampp\htdocs\Wordpress/wp-content/uploads/C:/xampp/htdocs/Wordpress/wp-content/uploads/2025/05/DSCF8590-768x512.png 
[2026-08-29 16:23:08 : INFO] - Could not find file for image: ID=6936, file=C:\xampp\htdocs\Wordpress/wp-content/uploads/C:/xampp/htdocs/Wordpress/wp-content/uploads/2025/05/DSCF8590-300x200.png 
[2026-08-29 16:23:08 : INFO] - Could not find file for image: ID=6935, file=C:\xampp\htdocs\Wordpress/wp-content/uploads/C:/xampp/htdocs/Wordpress/wp-content/uploads/2025/05/DSCF8590-2048x1365.png 
[2026-08-29 16:23:08 : INFO] - Could not find file for image: ID=6934, file=C:\xampp\htdocs\Wordpress/wp-content/uploads/C:/xampp/htdocs/Wordpress/wp-content/uploads/2025/05/DSCF8590-1920x1280.png 
[2026-08-29 16:23:08 : INFO] - Could not find file for image: ID=6933, file=C:\xampp\htdocs\Wordpress/wp-content/uploads/C:/xampp/htdocs/Wordpress/wp-content/uploads/2025/05/DSCF8590-1536x1024.png 
[2026-08-29 16:23:08 : INFO] - Could not find file for image: ID=6932, file=C:\xampp\htdocs\Wordpress/wp-content/uploads/C:/xampp/htdocs/Wordpress/wp-content/uploads/2025/05/DSCF8590-150x150.png 
[2026-08-29 16:23:08 : INFO] - Could not find file for image: ID=6931, file=C:\xampp\htdocs\Wordpress/wp-content/uploads/C:/xampp/htdocs/Wordpress/wp-content/uploads/2025/05/DSCF8590-1280x853.png 
[2026-08-29 16:23:08 : INFO] - Could not find file for image: ID=6930, file=C:\xampp\htdocs\Wordpress/wp-content/uploads/C:/xampp/htdocs/Wordpress/wp-content/uploads/2025/05/DSCF8590-1024x683.png 
[2026-08-29 16:23:08 : INFO] - Could not find file for image: ID=6854, file=C:\xampp\htdocs\Wordpress/wp-content/uploads/C:/xampp/htdocs/Wordpress/wp-content/uploads/2025/05/DSCF8286-768x512.jpg 
[2026-08-29 16:23:08 : INFO] - Could not find file for image: ID=6855, file=C:\xampp\htdocs\Wordpress/wp-content/uploads/C:/xampp/htdocs/Wordpress/wp-content/uploads/2025/05/DSCF8286-800x533.jpg 
[2026-08-29 16:23:08 : INFO] - Could not find file for image: ID=6851, file=C:\xampp\htdocs\Wordpress/wp-content/uploads/C:/xampp/htdocs/Wordpress/wp-content/uploads/2025/05/DSCF8286-1920x1280.jpg 
[2026-08-29 16:23:08 : INFO] - Could not find file for image: ID=6852, file=C:\xampp\htdocs\Wordpress/wp-content/uploads/C:/xampp/htdocs/Wordpress/wp-content/uploads/2025/05/DSCF8286-300x200.jpg 
[2026-08-29 16:23:08 : INFO] - Could not find file for image: ID=6853, file=C:\xampp\htdocs\Wordpress/wp-content/uploads/C:/xampp/htdocs/Wordpress/wp-content/uploads/2025/05/DSCF8286-500x333.jpg 
[2026-08-29 16:23:08 : INFO] - Could not find file for image: ID=6850, file=C:\xampp\htdocs\Wordpress/wp-content/uploads/C:/xampp/htdocs/Wordpress/wp-content/uploads/2025/05/DSCF8286-1536x1024.jpg 
[2026-08-29 16:23:08 : INFO] - Could not find file for image: ID=6847, file=C:\xampp\htdocs\Wordpress/wp-content/uploads/C:/xampp/htdocs/Wordpress/wp-content/uploads/2025/05/DSCF8286-1024x682.jpg 
[2026-08-29 16:23:08 : INFO] - Could not find file for image: ID=6848, file=C:\xampp\htdocs\Wordpress/wp-content/uploads/C:/xampp/htdocs/Wordpress/wp-content/uploads/2025/05/DSCF8286-1280x853.jpg 
[2026-08-29 16:23:08 : INFO] - Could not find file for image: ID=6849, file=C:\xampp\htdocs\Wordpress/wp-content/uploads/C:/xampp/htdocs/Wordpress/wp-content/uploads/2025/05/DSCF8286-150x150.jpg 
[2026-08-29 16:23:08 : INFO] - Could not find file for image: ID=6802, file=C:\xampp\htdocs\Wordpress/wp-content/uploads/C:/xampp/htdocs/Wordpress/wp-content/uploads/2025/05/DSCF3787-1-800x533.png 
[2026-08-29 16:23:08 : INFO] - Could not find file for image: ID=6803, file=C:\xampp\htdocs\Wordpress/wp-content/uploads/C:/xampp/htdocs/Wordpress/wp-content/uploads/2025/05/DSCF3787-1-800x533.png 
[2026-08-29 16:23:08 : INFO] - Could not find file for image: ID=6798, file=C:\xampp\htdocs\Wordpress/wp-content/uploads/C:/xampp/htdocs/Wordpress/wp-content/uploads/2025/05/DSCF3787-1-500x333.png 
[2026-08-29 16:23:08 : INFO] - Could not find file for image: ID=6799, file=C:\xampp\htdocs\Wordpress/wp-content/uploads/C:/xampp/htdocs/Wordpress/wp-content/uploads/2025/05/DSCF3787-1-500x333.png 
[2026-08-29 16:23:08 : INFO] - Could not find file for image: ID=6800, file=C:\xampp\htdocs\Wordpress/wp-content/uploads/C:/xampp/htdocs/Wordpress/wp-content/uploads/2025/05/DSCF3787-1-768x512.png 
[2026-08-29 16:23:08 : INFO] - Could not find file for image: ID=6801, file=C:\xampp\htdocs\Wordpress/wp-content/uploads/C:/xampp/htdocs/Wordpress/wp-content/uploads/2025/05/DSCF3787-1-768x512.png 
[2026-08-29 16:23:08 : INFO] - Could not find file for image: ID=6796, file=C:\xampp\htdocs\Wordpress/wp-content/uploads/C:/xampp/htdocs/Wordpress/wp-content/uploads/2025/05/DSCF3787-1-300x200.png 
[2026-08-29 16:23:08 : INFO] - Could not find file for image: ID=6797, file=C:\xampp\htdocs\Wordpress/wp-content/uploads/C:/xampp/htdocs/Wordpress/wp-content/uploads/2025/05/DSCF3787-1-300x200.png 
[2026-08-29 16:23:08 : INFO] - Could not find file for image: ID=6794, file=C:\xampp\htdocs\Wordpress/wp-content/uploads/C:/xampp/htdocs/Wordpress/wp-content/uploads/2025/05/DSCF3787-1-2048x1365.png 
[2026-08-29 16:23:08 : INFO] - Could not find file for image: ID=6795, file=C:\xampp\htdocs\Wordpress/wp-content/uploads/C:/xampp/htdocs/Wordpress/wp-content/uploads/2025/05/DSCF3787-1-2048x1365.png 
[2026-08-29 16:23:08 : INFO] - Could not find file for image: ID=6792, file=C:\xampp\htdocs\Wordpress/wp-content/uploads/C:/xampp/htdocs/Wordpress/wp-content/uploads/2025/05/DSCF3787-1-1920x1280.png 
[2026-08-29 16:23:08 : INFO] - Could not find file for image: ID=6793, file=C:\xampp\htdocs\Wordpress/wp-content/uploads/C:/xampp/htdocs/Wordpress/wp-content/uploads/2025/05/DSCF3787-1-1920x1280.png 
[2026-08-29 16:23:08 : INFO] - Could not find file for image: ID=6789, file=C:\xampp\htdocs\Wordpress/wp-content/uploads/C:/xampp/htdocs/Wordpress/wp-content/uploads/2025/05/DSCF3787-1-150x150.png 
[2026-08-29 16:23:08 : INFO] - Could not find file for image: ID=6790, file=C:\xampp\htdocs\Wordpress/wp-content/uploads/C:/xampp/htdocs/Wordpress/wp-content/uploads/2025/05/DSCF3787-1-1536x1024.png 
[2026-08-29 16:23:08 : INFO] - Could not find file for image: ID=6791, file=C:\xampp\htdocs\Wordpress/wp-content/uploads/C:/xampp/htdocs/Wordpress/wp-content/uploads/2025/05/DSCF3787-1-1536x1024.png 
[2026-08-29 16:23:08 : INFO] - Could not find file for image: ID=6788, file=C:\xampp\htdocs\Wordpress/wp-content/uploads/C:/xampp/htdocs/Wordpress/wp-content/uploads/2025/05/DSCF3787-1-1280x853.png 
[2026-08-29 16:23:08 : INFO] - Could not find file for image: ID=6787, file=C:\xampp\htdocs\Wordpress/wp-content/uploads/C:/xampp/htdocs/Wordpress/wp-content/uploads/2025/05/DSCF3787-1-1024x683.png 
[2026-08-29 16:23:08 : INFO] - Could not find file for image: ID=6566, file=C:\xampp\htdocs\Wordpress/wp-content/uploads/C:/xampp/htdocs/Wordpress/wp-content/uploads/2025/05/DSCF0465-768x512.jpg 
[2026-08-29 16:23:08 : INFO] - Could not find file for image: ID=6567, file=C:\xampp\htdocs\Wordpress/wp-content/uploads/C:/xampp/htdocs/Wordpress/wp-content/uploads/2025/05/DSCF0465-768x512.jpg 
[2026-08-29 16:23:08 : INFO] - Could not find file for image: ID=6568, file=C:\xampp\htdocs\Wordpress/wp-content/uploads/C:/xampp/htdocs/Wordpress/wp-content/uploads/2025/05/DSCF0465-800x533.jpg 
[2026-08-29 16:23:08 : INFO] - Could not find file for image: ID=6569, file=C:\xampp\htdocs\Wordpress/wp-content/uploads/C:/xampp/htdocs/Wordpress/wp-content/uploads/2025/05/DSCF0465-800x533.jpg 
[2026-08-29 16:23:08 : INFO] - Could not find file for image: ID=6562, file=C:\xampp\htdocs\Wordpress/wp-content/uploads/C:/xampp/htdocs/Wordpress/wp-content/uploads/2025/05/DSCF0465-300x200.jpg 
[2026-08-29 16:23:08 : INFO] - Could not find file for image: ID=6563, file=C:\xampp\htdocs\Wordpress/wp-content/uploads/C:/xampp/htdocs/Wordpress/wp-content/uploads/2025/05/DSCF0465-300x200.jpg 
[2026-08-29 16:23:08 : INFO] - Could not find file for image: ID=6564, file=C:\xampp\htdocs\Wordpress/wp-content/uploads/C:/xampp/htdocs/Wordpress/wp-content/uploads/2025/05/DSCF0465-500x333.jpg 
[2026-08-29 16:23:08 : INFO] - Could not find file for image: ID=6565, file=C:\xampp\htdocs\Wordpress/wp-content/uploads/C:/xampp/htdocs/Wordpress/wp-content/uploads/2025/05/DSCF0465-500x333.jpg 
[2026-08-29 16:23:08 : INFO] - Could not find file for image: ID=6560, file=C:\xampp\htdocs\Wordpress/wp-content/uploads/C:/xampp/htdocs/Wordpress/wp-content/uploads/2025/05/DSCF0465-1920x1280.jpg 
[2026-08-29 16:23:08 : INFO] - Could not find file for image: ID=6561, file=C:\xampp\htdocs\Wordpress/wp-content/uploads/C:/xampp/htdocs/Wordpress/wp-content/uploads/2025/05/DSCF0465-1920x1280.jpg 
[2026-08-29 16:23:08 : INFO] - Could not find file for image: ID=6558, file=C:\xampp\htdocs\Wordpress/wp-content/uploads/C:/xampp/htdocs/Wordpress/wp-content/uploads/2025/05/DSCF0465-1536x1024.jpg 
[2026-08-29 16:23:08 : INFO] - Could not find file for image: ID=6559, file=C:\xampp\htdocs\Wordpress/wp-content/uploads/C:/xampp/htdocs/Wordpress/wp-content/uploads/2025/05/DSCF0465-1536x1024.jpg 
[2026-08-29 16:23:08 : INFO] - Could not find file for image: ID=6556, file=C:\xampp\htdocs\Wordpress/wp-content/uploads/C:/xampp/htdocs/Wordpress/wp-content/uploads/2025/05/DSCF0465-150x150.jpg 
[2026-08-29 16:23:08 : INFO] - Could not find file for image: ID=6557, file=C:\xampp\htdocs\Wordpress/wp-content/uploads/C:/xampp/htdocs/Wordpress/wp-content/uploads/2025/05/DSCF0465-150x150.jpg 
[2026-08-29 16:23:08 : INFO] - Could not find file for image: ID=6554, file=C:\xampp\htdocs\Wordpress/wp-content/uploads/C:/xampp/htdocs/Wordpress/wp-content/uploads/2025/05/DSCF0465-1280x853.jpg 
[2026-08-29 16:23:08 : INFO] - Could not find file for image: ID=6555, file=C:\xampp\htdocs\Wordpress/wp-content/uploads/C:/xampp/htdocs/Wordpress/wp-content/uploads/2025/05/DSCF0465-1280x853.jpg 
[2026-08-29 16:23:08 : INFO] - Could not find file for image: ID=6550, file=C:\xampp\htdocs\Wordpress/wp-content/uploads/C:/xampp/htdocs/Wordpress/wp-content/uploads/2025/05/DSCF0464-800x533.jpg 
[2026-08-29 16:23:08 : INFO] - Could not find file for image: ID=6551, file=C:\xampp\htdocs\Wordpress/wp-content/uploads/C:/xampp/htdocs/Wordpress/wp-content/uploads/2025/05/DSCF0464-800x533.jpg 
[2026-08-29 16:23:08 : INFO] - Could not find file for image: ID=6552, file=C:\xampp\htdocs\Wordpress/wp-content/uploads/C:/xampp/htdocs/Wordpress/wp-content/uploads/2025/05/DSCF0465-1024x682.jpg 
[2026-08-29 16:23:08 : INFO] - Could not find file for image: ID=6553, file=C:\xampp\htdocs\Wordpress/wp-content/uploads/C:/xampp/htdocs/Wordpress/wp-content/uploads/2025/05/DSCF0465-1024x682.jpg 
[2026-08-29 16:23:08 : INFO] - Could not find file for image: ID=6544, file=C:\xampp\htdocs\Wordpress/wp-content/uploads/C:/xampp/htdocs/Wordpress/wp-content/uploads/2025/05/DSCF0464-300x200.jpg 
[2026-08-29 16:23:08 : INFO] - Could not find file for image: ID=6545, file=C:\xampp\htdocs\Wordpress/wp-content/uploads/C:/xampp/htdocs/Wordpress/wp-content/uploads/2025/05/DSCF0464-300x200.jpg 
[2026-08-29 16:23:08 : INFO] - Could not find file for image: ID=6546, file=C:\xampp\htdocs\Wordpress/wp-content/uploads/C:/xampp/htdocs/Wordpress/wp-content/uploads/2025/05/DSCF0464-500x333.jpg 
[2026-08-29 16:23:08 : INFO] - Could not find file for image: ID=6547, file=C:\xampp\htdocs\Wordpress/wp-content/uploads/C:/xampp/htdocs/Wordpress/wp-content/uploads/2025/05/DSCF0464-500x333.jpg 
[2026-08-29 16:23:08 : INFO] - Could not find file for image: ID=6548, file=C:\xampp\htdocs\Wordpress/wp-content/uploads/C:/xampp/htdocs/Wordpress/wp-content/uploads/2025/05/DSCF0464-768x512.jpg 
[2026-08-29 16:23:08 : INFO] - Could not find file for image: ID=6549, file=C:\xampp\htdocs\Wordpress/wp-content/uploads/C:/xampp/htdocs/Wordpress/wp-content/uploads/2025/05/DSCF0464-768x512.jpg 
[2026-08-29 16:23:08 : INFO] - Could not find file for image: ID=6542, file=C:\xampp\htdocs\Wordpress/wp-content/uploads/C:/xampp/htdocs/Wordpress/wp-content/uploads/2025/05/DSCF0464-1920x1280.jpg 
[2026-08-29 16:23:08 : INFO] - Could not find file for image: ID=6543, file=C:\xampp\htdocs\Wordpress/wp-content/uploads/C:/xampp/htdocs/Wordpress/wp-content/uploads/2025/05/DSCF0464-1920x1280.jpg 
[2026-08-29 16:23:08 : INFO] - Could not find file for image: ID=6538, file=C:\xampp\htdocs\Wordpress/wp-content/uploads/C:/xampp/htdocs/Wordpress/wp-content/uploads/2025/05/DSCF0464-150x150.jpg 
[2026-08-29 16:23:08 : INFO] - Could not find file for image: ID=6539, file=C:\xampp\htdocs\Wordpress/wp-content/uploads/C:/xampp/htdocs/Wordpress/wp-content/uploads/2025/05/DSCF0464-150x150.jpg 
[2026-08-29 16:23:08 : INFO] - Could not find file for image: ID=6540, file=C:\xampp\htdocs\Wordpress/wp-content/uploads/C:/xampp/htdocs/Wordpress/wp-content/uploads/2025/05/DSCF0464-1536x1024.jpg 
[2026-08-29 16:23:08 : INFO] - Could not find file for image: ID=6541, file=C:\xampp\htdocs\Wordpress/wp-content/uploads/C:/xampp/htdocs/Wordpress/wp-content/uploads/2025/05/DSCF0464-1536x1024.jpg 
[2026-08-29 16:23:08 : INFO] - Could not find file for image: ID=6536, file=C:\xampp\htdocs\Wordpress/wp-content/uploads/C:/xampp/htdocs/Wordpress/wp-content/uploads/2025/05/DSCF0464-1280x853.jpg 
[2026-08-29 16:23:08 : INFO] - Could not find file for image: ID=6537, file=C:\xampp\htdocs\Wordpress/wp-content/uploads/C:/xampp/htdocs/Wordpress/wp-content/uploads/2025/05/DSCF0464-1280x853.jpg 
[2026-08-29 16:23:08 : INFO] - Could not find file for image: ID=6534, file=C:\xampp\htdocs\Wordpress/wp-content/uploads/C:/xampp/htdocs/Wordpress/wp-content/uploads/2025/05/DSCF0464-1024x682.jpg 
[2026-08-29 16:23:08 : INFO] - Could not find file for image: ID=6535, file=C:\xampp\htdocs\Wordpress/wp-content/uploads/C:/xampp/htdocs/Wordpress/wp-content/uploads/2025/05/DSCF0464-1024x682.jpg 
[2026-08-29 16:23:08 : INFO] - Could not find file for image: ID=6532, file=C:\xampp\htdocs\Wordpress/wp-content/uploads/C:/xampp/htdocs/Wordpress/wp-content/uploads/2025/05/DSCF0463-800x1200.jpg 
[2026-08-29 16:23:08 : INFO] - Could not find file for image: ID=6533, file=C:\xampp\htdocs\Wordpress/wp-content/uploads/C:/xampp/htdocs/Wordpress/wp-content/uploads/2025/05/DSCF0463-800x1200.jpg 
[2026-08-29 16:23:08 : INFO] - Could not find file for image: ID=6530, file=C:\xampp\htdocs\Wordpress/wp-content/uploads/C:/xampp/htdocs/Wordpress/wp-content/uploads/2025/05/DSCF0463-768x1152.jpg 
[2026-08-29 16:23:08 : INFO] - Could not find file for image: ID=6531, file=C:\xampp\htdocs\Wordpress/wp-content/uploads/C:/xampp/htdocs/Wordpress/wp-content/uploads/2025/05/DSCF0463-768x1152.jpg 
[2026-08-29 16:23:08 : INFO] - Could not find file for image: ID=6526, file=C:\xampp\htdocs\Wordpress/wp-content/uploads/C:/xampp/htdocs/Wordpress/wp-content/uploads/2025/05/DSCF0463-500x750.jpg 
[2026-08-29 16:23:08 : INFO] - Could not find file for image: ID=6527, file=C:\xampp\htdocs\Wordpress/wp-content/uploads/C:/xampp/htdocs/Wordpress/wp-content/uploads/2025/05/DSCF0463-500x750.jpg 
[2026-08-29 16:23:08 : INFO] - Could not find file for image: ID=6528, file=C:\xampp\htdocs\Wordpress/wp-content/uploads/C:/xampp/htdocs/Wordpress/wp-content/uploads/2025/05/DSCF0463-682x1024.jpg 
[2026-08-29 16:23:08 : INFO] - Could not find file for image: ID=6529, file=C:\xampp\htdocs\Wordpress/wp-content/uploads/C:/xampp/htdocs/Wordpress/wp-content/uploads/2025/05/DSCF0463-682x1024.jpg 
[2026-08-29 16:23:08 : INFO] - Could not find file for image: ID=6522, file=C:\xampp\htdocs\Wordpress/wp-content/uploads/C:/xampp/htdocs/Wordpress/wp-content/uploads/2025/05/DSCF0463-150x150.jpg 
[2026-08-29 16:23:08 : INFO] - Could not find file for image: ID=6523, file=C:\xampp\htdocs\Wordpress/wp-content/uploads/C:/xampp/htdocs/Wordpress/wp-content/uploads/2025/05/DSCF0463-150x150.jpg 
[2026-08-29 16:23:08 : INFO] - Could not find file for image: ID=6524, file=C:\xampp\htdocs\Wordpress/wp-content/uploads/C:/xampp/htdocs/Wordpress/wp-content/uploads/2025/05/DSCF0463-200x300.jpg 
[2026-08-29 16:23:08 : INFO] - Could not find file for image: ID=6525, file=C:\xampp\htdocs\Wordpress/wp-content/uploads/C:/xampp/htdocs/Wordpress/wp-content/uploads/2025/05/DSCF0463-200x300.jpg 
[2026-08-29 16:23:08 : INFO] - Could not find file for image: ID=6520, file=C:\xampp\htdocs\Wordpress/wp-content/uploads/C:/xampp/htdocs/Wordpress/wp-content/uploads/2025/05/DSCF0463-1280x1920.jpg 
[2026-08-29 16:23:08 : INFO] - Could not find file for image: ID=6521, file=C:\xampp\htdocs\Wordpress/wp-content/uploads/C:/xampp/htdocs/Wordpress/wp-content/uploads/2025/05/DSCF0463-1280x1920.jpg 
[2026-08-29 16:23:08 : INFO] - Could not find file for image: ID=6516, file=C:\xampp\htdocs\Wordpress/wp-content/uploads/C:/xampp/htdocs/Wordpress/wp-content/uploads/2025/05/DSCF0461-800x533.jpg 
[2026-08-29 16:23:08 : INFO] - Could not find file for image: ID=6517, file=C:\xampp\htdocs\Wordpress/wp-content/uploads/C:/xampp/htdocs/Wordpress/wp-content/uploads/2025/05/DSCF0461-800x533.jpg 
[2026-08-29 16:23:08 : INFO] - Could not find file for image: ID=6518, file=C:\xampp\htdocs\Wordpress/wp-content/uploads/C:/xampp/htdocs/Wordpress/wp-content/uploads/2025/05/DSCF0463-1024x1536.jpg 
[2026-08-29 16:23:08 : INFO] - Could not find file for image: ID=6519, file=C:\xampp\htdocs\Wordpress/wp-content/uploads/C:/xampp/htdocs/Wordpress/wp-content/uploads/2025/05/DSCF0463-1024x1536.jpg 
[2026-08-29 16:23:08 : INFO] - Could not find file for image: ID=6510, file=C:\xampp\htdocs\Wordpress/wp-content/uploads/C:/xampp/htdocs/Wordpress/wp-content/uploads/2025/05/DSCF0461-300x200.jpg 
[2026-08-29 16:23:08 : INFO] - Could not find file for image: ID=6511, file=C:\xampp\htdocs\Wordpress/wp-content/uploads/C:/xampp/htdocs/Wordpress/wp-content/uploads/2025/05/DSCF0461-300x200.jpg 
[2026-08-29 16:23:08 : INFO] - Could not find file for image: ID=6512, file=C:\xampp\htdocs\Wordpress/wp-content/uploads/C:/xampp/htdocs/Wordpress/wp-content/uploads/2025/05/DSCF0461-500x333.jpg 
[2026-08-29 16:23:08 : INFO] - Could not find file for image: ID=6513, file=C:\xampp\htdocs\Wordpress/wp-content/uploads/C:/xampp/htdocs/Wordpress/wp-content/uploads/2025/05/DSCF0461-500x333.jpg 
[2026-08-29 16:23:08 : INFO] - Could not find file for image: ID=6514, file=C:\xampp\htdocs\Wordpress/wp-content/uploads/C:/xampp/htdocs/Wordpress/wp-content/uploads/2025/05/DSCF0461-768x512.jpg 
[2026-08-29 16:23:08 : INFO] - Could not find file for image: ID=6515, file=C:\xampp\htdocs\Wordpress/wp-content/uploads/C:/xampp/htdocs/Wordpress/wp-content/uploads/2025/05/DSCF0461-768x512.jpg 
[2026-08-29 16:23:08 : INFO] - Could not find file for image: ID=6508, file=C:\xampp\htdocs\Wordpress/wp-content/uploads/C:/xampp/htdocs/Wordpress/wp-content/uploads/2025/05/DSCF0461-1920x1280.jpg 
[2026-08-29 16:23:08 : INFO] - Could not find file for image: ID=6509, file=C:\xampp\htdocs\Wordpress/wp-content/uploads/C:/xampp/htdocs/Wordpress/wp-content/uploads/2025/05/DSCF0461-1920x1280.jpg 
[2026-08-29 16:23:08 : INFO] - Could not find file for image: ID=6504, file=C:\xampp\htdocs\Wordpress/wp-content/uploads/C:/xampp/htdocs/Wordpress/wp-content/uploads/2025/05/DSCF0461-150x150.jpg 
[2026-08-29 16:23:08 : INFO] - Could not find file for image: ID=6505, file=C:\xampp\htdocs\Wordpress/wp-content/uploads/C:/xampp/htdocs/Wordpress/wp-content/uploads/2025/05/DSCF0461-150x150.jpg 
[2026-08-29 16:23:08 : INFO] - Could not find file for image: ID=6506, file=C:\xampp\htdocs\Wordpress/wp-content/uploads/C:/xampp/htdocs/Wordpress/wp-content/uploads/2025/05/DSCF0461-1536x1024.jpg 
[2026-08-29 16:23:08 : INFO] - Could not find file for image: ID=6507, file=C:\xampp\htdocs\Wordpress/wp-content/uploads/C:/xampp/htdocs/Wordpress/wp-content/uploads/2025/05/DSCF0461-1536x1024.jpg 
[2026-08-29 16:23:08 : INFO] - Could not find file for image: ID=6502, file=C:\xampp\htdocs\Wordpress/wp-content/uploads/C:/xampp/htdocs/Wordpress/wp-content/uploads/2025/05/DSCF0461-1280x853.jpg 
[2026-08-29 16:23:08 : INFO] - Could not find file for image: ID=6503, file=C:\xampp\htdocs\Wordpress/wp-content/uploads/C:/xampp/htdocs/Wordpress/wp-content/uploads/2025/05/DSCF0461-1280x853.jpg 
[2026-08-29 16:23:08 : INFO] - Could not find file for image: ID=6500, file=C:\xampp\htdocs\Wordpress/wp-content/uploads/C:/xampp/htdocs/Wordpress/wp-content/uploads/2025/05/DSCF0461-1024x682.jpg 
[2026-08-29 16:23:08 : INFO] - Could not find file for image: ID=6501, file=C:\xampp\htdocs\Wordpress/wp-content/uploads/C:/xampp/htdocs/Wordpress/wp-content/uploads/2025/05/DSCF0461-1024x682.jpg 
[2026-08-29 16:23:08 : INFO] - Could not find file for image: ID=6496, file=C:\xampp\htdocs\Wordpress/wp-content/uploads/C:/xampp/htdocs/Wordpress/wp-content/uploads/2025/05/DSCF0458-768x512.jpg 
[2026-08-29 16:23:08 : INFO] - Could not find file for image: ID=6497, file=C:\xampp\htdocs\Wordpress/wp-content/uploads/C:/xampp/htdocs/Wordpress/wp-content/uploads/2025/05/DSCF0458-768x512.jpg 
[2026-08-29 16:23:08 : INFO] - Could not find file for image: ID=6498, file=C:\xampp\htdocs\Wordpress/wp-content/uploads/C:/xampp/htdocs/Wordpress/wp-content/uploads/2025/05/DSCF0458-800x533.jpg 
[2026-08-29 16:23:08 : INFO] - Could not find file for image: ID=6499, file=C:\xampp\htdocs\Wordpress/wp-content/uploads/C:/xampp/htdocs/Wordpress/wp-content/uploads/2025/05/DSCF0458-800x533.jpg 
[2026-08-29 16:23:08 : INFO] - Could not find file for image: ID=6494, file=C:\xampp\htdocs\Wordpress/wp-content/uploads/C:/xampp/htdocs/Wordpress/wp-content/uploads/2025/05/DSCF0458-500x333.jpg 
[2026-08-29 16:23:08 : INFO] - Could not find file for image: ID=6495, file=C:\xampp\htdocs\Wordpress/wp-content/uploads/C:/xampp/htdocs/Wordpress/wp-content/uploads/2025/05/DSCF0458-500x333.jpg 
[2026-08-29 16:23:08 : INFO] - Could not find file for image: ID=6492, file=C:\xampp\htdocs\Wordpress/wp-content/uploads/C:/xampp/htdocs/Wordpress/wp-content/uploads/2025/05/DSCF0458-300x200.jpg 
[2026-08-29 16:23:08 : INFO] - Could not find file for image: ID=6493, file=C:\xampp\htdocs\Wordpress/wp-content/uploads/C:/xampp/htdocs/Wordpress/wp-content/uploads/2025/05/DSCF0458-300x200.jpg 
[2026-08-29 16:23:08 : INFO] - Could not find file for image: ID=6490, file=C:\xampp\htdocs\Wordpress/wp-content/uploads/C:/xampp/htdocs/Wordpress/wp-content/uploads/2025/05/DSCF0458-1920x1280.jpg 
[2026-08-29 16:23:08 : INFO] - Could not find file for image: ID=6491, file=C:\xampp\htdocs\Wordpress/wp-content/uploads/C:/xampp/htdocs/Wordpress/wp-content/uploads/2025/05/DSCF0458-1920x1280.jpg 
[2026-08-29 16:23:08 : INFO] - Could not find file for image: ID=6486, file=C:\xampp\htdocs\Wordpress/wp-content/uploads/C:/xampp/htdocs/Wordpress/wp-content/uploads/2025/05/DSCF0458-150x150.jpg 
[2026-08-29 16:23:08 : INFO] - Could not find file for image: ID=6487, file=C:\xampp\htdocs\Wordpress/wp-content/uploads/C:/xampp/htdocs/Wordpress/wp-content/uploads/2025/05/DSCF0458-150x150.jpg 
[2026-08-29 16:23:08 : INFO] - Could not find file for image: ID=6488, file=C:\xampp\htdocs\Wordpress/wp-content/uploads/C:/xampp/htdocs/Wordpress/wp-content/uploads/2025/05/DSCF0458-1536x1024.jpg 
[2026-08-29 16:23:08 : INFO] - Could not find file for image: ID=6489, file=C:\xampp\htdocs\Wordpress/wp-content/uploads/C:/xampp/htdocs/Wordpress/wp-content/uploads/2025/05/DSCF0458-1536x1024.jpg 
[2026-08-29 16:23:08 : INFO] - Could not find file for image: ID=6484, file=C:\xampp\htdocs\Wordpress/wp-content/uploads/C:/xampp/htdocs/Wordpress/wp-content/uploads/2025/05/DSCF0458-1280x853.jpg 
[2026-08-29 16:23:08 : INFO] - Could not find file for image: ID=6485, file=C:\xampp\htdocs\Wordpress/wp-content/uploads/C:/xampp/htdocs/Wordpress/wp-content/uploads/2025/05/DSCF0458-1280x853.jpg 
[2026-08-29 16:23:08 : INFO] - Could not find file for image: ID=6482, file=C:\xampp\htdocs\Wordpress/wp-content/uploads/C:/xampp/htdocs/Wordpress/wp-content/uploads/2025/05/DSCF0458-1024x682.jpg 
[2026-08-29 16:23:08 : INFO] - Could not find file for image: ID=6483, file=C:\xampp\htdocs\Wordpress/wp-content/uploads/C:/xampp/htdocs/Wordpress/wp-content/uploads/2025/05/DSCF0458-1024x682.jpg 
[2026-08-29 16:23:08 : INFO] - Could not find file for image: ID=6478, file=C:\xampp\htdocs\Wordpress/wp-content/uploads/C:/xampp/htdocs/Wordpress/wp-content/uploads/2025/05/DSCF0455-768x512.jpg 
[2026-08-29 16:23:08 : INFO] - Could not find file for image: ID=6479, file=C:\xampp\htdocs\Wordpress/wp-content/uploads/C:/xampp/htdocs/Wordpress/wp-content/uploads/2025/05/DSCF0455-768x512.jpg 
[2026-08-29 16:23:08 : INFO] - Could not find file for image: ID=6480, file=C:\xampp\htdocs\Wordpress/wp-content/uploads/C:/xampp/htdocs/Wordpress/wp-content/uploads/2025/05/DSCF0455-800x533.jpg 
[2026-08-29 16:23:08 : INFO] - Could not find file for image: ID=6481, file=C:\xampp\htdocs\Wordpress/wp-content/uploads/C:/xampp/htdocs/Wordpress/wp-content/uploads/2025/05/DSCF0455-800x533.jpg 
[2026-08-29 16:23:08 : INFO] - Could not find file for image: ID=6474, file=C:\xampp\htdocs\Wordpress/wp-content/uploads/C:/xampp/htdocs/Wordpress/wp-content/uploads/2025/05/DSCF0455-300x200.jpg 
[2026-08-29 16:23:08 : INFO] - Could not find file for image: ID=6475, file=C:\xampp\htdocs\Wordpress/wp-content/uploads/C:/xampp/htdocs/Wordpress/wp-content/uploads/2025/05/DSCF0455-300x200.jpg 
[2026-08-29 16:23:08 : INFO] - Could not find file for image: ID=6476, file=C:\xampp\htdocs\Wordpress/wp-content/uploads/C:/xampp/htdocs/Wordpress/wp-content/uploads/2025/05/DSCF0455-500x333.jpg 
[2026-08-29 16:23:08 : INFO] - Could not find file for image: ID=6477, file=C:\xampp\htdocs\Wordpress/wp-content/uploads/C:/xampp/htdocs/Wordpress/wp-content/uploads/2025/05/DSCF0455-500x333.jpg 
[2026-08-29 16:23:08 : INFO] - Could not find file for image: ID=6472, file=C:\xampp\htdocs\Wordpress/wp-content/uploads/C:/xampp/htdocs/Wordpress/wp-content/uploads/2025/05/DSCF0455-1920x1280.jpg 
[2026-08-29 16:23:08 : INFO] - Could not find file for image: ID=6473, file=C:\xampp\htdocs\Wordpress/wp-content/uploads/C:/xampp/htdocs/Wordpress/wp-content/uploads/2025/05/DSCF0455-1920x1280.jpg 
[2026-08-29 16:23:08 : INFO] - Could not find file for image: ID=6470, file=C:\xampp\htdocs\Wordpress/wp-content/uploads/C:/xampp/htdocs/Wordpress/wp-content/uploads/2025/05/DSCF0455-1536x1024.jpg 
[2026-08-29 16:23:08 : INFO] - Could not find file for image: ID=6471, file=C:\xampp\htdocs\Wordpress/wp-content/uploads/C:/xampp/htdocs/Wordpress/wp-content/uploads/2025/05/DSCF0455-1536x1024.jpg 
[2026-08-29 16:23:08 : INFO] - Could not find file for image: ID=6468, file=C:\xampp\htdocs\Wordpress/wp-content/uploads/C:/xampp/htdocs/Wordpress/wp-content/uploads/2025/05/DSCF0455-150x150.jpg 
[2026-08-29 16:23:08 : INFO] - Could not find file for image: ID=6469, file=C:\xampp\htdocs\Wordpress/wp-content/uploads/C:/xampp/htdocs/Wordpress/wp-content/uploads/2025/05/DSCF0455-150x150.jpg 
[2026-08-29 16:23:08 : INFO] - Could not find file for image: ID=6466, file=C:\xampp\htdocs\Wordpress/wp-content/uploads/C:/xampp/htdocs/Wordpress/wp-content/uploads/2025/05/DSCF0455-1280x853.jpg 
[2026-08-29 16:23:08 : INFO] - Could not find file for image: ID=6467, file=C:\xampp\htdocs\Wordpress/wp-content/uploads/C:/xampp/htdocs/Wordpress/wp-content/uploads/2025/05/DSCF0455-1280x853.jpg 
[2026-08-29 16:23:08 : INFO] - Could not find file for image: ID=6464, file=C:\xampp\htdocs\Wordpress/wp-content/uploads/C:/xampp/htdocs/Wordpress/wp-content/uploads/2025/05/DSCF0455-1024x682.jpg 
[2026-08-29 16:23:08 : INFO] - Could not find file for image: ID=6465, file=C:\xampp\htdocs\Wordpress/wp-content/uploads/C:/xampp/htdocs/Wordpress/wp-content/uploads/2025/05/DSCF0455-1024x682.jpg 
[2026-08-29 16:23:08 : INFO] - Could not find file for image: ID=6462, file=C:\xampp\htdocs\Wordpress/wp-content/uploads/C:/xampp/htdocs/Wordpress/wp-content/uploads/2025/05/DSCF0449-800x1200.jpg 
[2026-08-29 16:23:08 : INFO] - Could not find file for image: ID=6463, file=C:\xampp\htdocs\Wordpress/wp-content/uploads/C:/xampp/htdocs/Wordpress/wp-content/uploads/2025/05/DSCF0449-800x1200.jpg 
[2026-08-29 16:23:08 : INFO] - Could not find file for image: ID=6460, file=C:\xampp\htdocs\Wordpress/wp-content/uploads/C:/xampp/htdocs/Wordpress/wp-content/uploads/2025/05/DSCF0449-768x1152.jpg 
[2026-08-29 16:23:08 : INFO] - Could not find file for image: ID=6461, file=C:\xampp\htdocs\Wordpress/wp-content/uploads/C:/xampp/htdocs/Wordpress/wp-content/uploads/2025/05/DSCF0449-768x1152.jpg 
[2026-08-29 16:23:08 : INFO] - Could not find file for image: ID=6456, file=C:\xampp\htdocs\Wordpress/wp-content/uploads/C:/xampp/htdocs/Wordpress/wp-content/uploads/2025/05/DSCF0449-500x750.jpg 
[2026-08-29 16:23:08 : INFO] - Could not find file for image: ID=6457, file=C:\xampp\htdocs\Wordpress/wp-content/uploads/C:/xampp/htdocs/Wordpress/wp-content/uploads/2025/05/DSCF0449-500x750.jpg 
[2026-08-29 16:23:08 : INFO] - Could not find file for image: ID=6458, file=C:\xampp\htdocs\Wordpress/wp-content/uploads/C:/xampp/htdocs/Wordpress/wp-content/uploads/2025/05/DSCF0449-682x1024.jpg 
[2026-08-29 16:23:08 : INFO] - Could not find file for image: ID=6459, file=C:\xampp\htdocs\Wordpress/wp-content/uploads/C:/xampp/htdocs/Wordpress/wp-content/uploads/2025/05/DSCF0449-682x1024.jpg 
[2026-08-29 16:23:08 : INFO] - Could not find file for image: ID=6452, file=C:\xampp\htdocs\Wordpress/wp-content/uploads/C:/xampp/htdocs/Wordpress/wp-content/uploads/2025/05/DSCF0449-150x150.jpg 
[2026-08-29 16:23:08 : INFO] - Could not find file for image: ID=6453, file=C:\xampp\htdocs\Wordpress/wp-content/uploads/C:/xampp/htdocs/Wordpress/wp-content/uploads/2025/05/DSCF0449-150x150.jpg 
[2026-08-29 16:23:08 : INFO] - Could not find file for image: ID=6454, file=C:\xampp\htdocs\Wordpress/wp-content/uploads/C:/xampp/htdocs/Wordpress/wp-content/uploads/2025/05/DSCF0449-200x300.jpg 
[2026-08-29 16:23:08 : INFO] - Could not find file for image: ID=6455, file=C:\xampp\htdocs\Wordpress/wp-content/uploads/C:/xampp/htdocs/Wordpress/wp-content/uploads/2025/05/DSCF0449-200x300.jpg 
[2026-08-29 16:23:08 : INFO] - Could not find file for image: ID=6450, file=C:\xampp\htdocs\Wordpress/wp-content/uploads/C:/xampp/htdocs/Wordpress/wp-content/uploads/2025/05/DSCF0449-1280x1920.jpg 
[2026-08-29 16:23:08 : INFO] - Could not find file for image: ID=6451, file=C:\xampp\htdocs\Wordpress/wp-content/uploads/C:/xampp/htdocs/Wordpress/wp-content/uploads/2025/05/DSCF0449-1280x1920.jpg 
[2026-08-29 16:23:08 : INFO] - Could not find file for image: ID=6448, file=C:\xampp\htdocs\Wordpress/wp-content/uploads/C:/xampp/htdocs/Wordpress/wp-content/uploads/2025/05/DSCF0449-1024x1536.jpg 
[2026-08-29 16:23:08 : INFO] - Could not find file for image: ID=6449, file=C:\xampp\htdocs\Wordpress/wp-content/uploads/C:/xampp/htdocs/Wordpress/wp-content/uploads/2025/05/DSCF0449-1024x1536.jpg 
[2026-08-29 16:23:08 : INFO] - Could not find file for image: ID=6446, file=C:\xampp\htdocs\Wordpress/wp-content/uploads/C:/xampp/htdocs/Wordpress/wp-content/uploads/2025/05/DSCF0446-800x533.jpg 
[2026-08-29 16:23:08 : INFO] - Could not find file for image: ID=6447, file=C:\xampp\htdocs\Wordpress/wp-content/uploads/C:/xampp/htdocs/Wordpress/wp-content/uploads/2025/05/DSCF0446-800x533.jpg 
[2026-08-29 16:23:08 : INFO] - Could not find file for image: ID=6442, file=C:\xampp\htdocs\Wordpress/wp-content/uploads/C:/xampp/htdocs/Wordpress/wp-content/uploads/2025/05/DSCF0446-500x333.jpg 
[2026-08-29 16:23:08 : INFO] - Could not find file for image: ID=6443, file=C:\xampp\htdocs\Wordpress/wp-content/uploads/C:/xampp/htdocs/Wordpress/wp-content/uploads/2025/05/DSCF0446-500x333.jpg 
[2026-08-29 16:23:08 : INFO] - Could not find file for image: ID=6444, file=C:\xampp\htdocs\Wordpress/wp-content/uploads/C:/xampp/htdocs/Wordpress/wp-content/uploads/2025/05/DSCF0446-768x512.jpg 
[2026-08-29 16:23:08 : INFO] - Could not find file for image: ID=6445, file=C:\xampp\htdocs\Wordpress/wp-content/uploads/C:/xampp/htdocs/Wordpress/wp-content/uploads/2025/05/DSCF0446-768x512.jpg 
[2026-08-29 16:23:08 : INFO] - Could not find file for image: ID=6440, file=C:\xampp\htdocs\Wordpress/wp-content/uploads/C:/xampp/htdocs/Wordpress/wp-content/uploads/2025/05/DSCF0446-300x200.jpg 
[2026-08-29 16:23:08 : INFO] - Could not find file for image: ID=6441, file=C:\xampp\htdocs\Wordpress/wp-content/uploads/C:/xampp/htdocs/Wordpress/wp-content/uploads/2025/05/DSCF0446-300x200.jpg 
[2026-08-29 16:23:08 : INFO] - Could not find file for image: ID=6438, file=C:\xampp\htdocs\Wordpress/wp-content/uploads/C:/xampp/htdocs/Wordpress/wp-content/uploads/2025/05/DSCF0446-1920x1280.jpg 
[2026-08-29 16:23:08 : INFO] - Could not find file for image: ID=6439, file=C:\xampp\htdocs\Wordpress/wp-content/uploads/C:/xampp/htdocs/Wordpress/wp-content/uploads/2025/05/DSCF0446-1920x1280.jpg 
[2026-08-29 16:23:08 : INFO] - Could not find file for image: ID=6434, file=C:\xampp\htdocs\Wordpress/wp-content/uploads/C:/xampp/htdocs/Wordpress/wp-content/uploads/2025/05/DSCF0446-150x150.jpg 
[2026-08-29 16:23:08 : INFO] - Could not find file for image: ID=6435, file=C:\xampp\htdocs\Wordpress/wp-content/uploads/C:/xampp/htdocs/Wordpress/wp-content/uploads/2025/05/DSCF0446-150x150.jpg 
[2026-08-29 16:23:08 : INFO] - Could not find file for image: ID=6436, file=C:\xampp\htdocs\Wordpress/wp-content/uploads/C:/xampp/htdocs/Wordpress/wp-content/uploads/2025/05/DSCF0446-1536x1024.jpg 
[2026-08-29 16:23:08 : INFO] - Could not find file for image: ID=6437, file=C:\xampp\htdocs\Wordpress/wp-content/uploads/C:/xampp/htdocs/Wordpress/wp-content/uploads/2025/05/DSCF0446-1536x1024.jpg 
[2026-08-29 16:23:08 : INFO] - Could not find file for image: ID=6432, file=C:\xampp\htdocs\Wordpress/wp-content/uploads/C:/xampp/htdocs/Wordpress/wp-content/uploads/2025/05/DSCF0446-1280x853.jpg 
[2026-08-29 16:23:08 : INFO] - Could not find file for image: ID=6433, file=C:\xampp\htdocs\Wordpress/wp-content/uploads/C:/xampp/htdocs/Wordpress/wp-content/uploads/2025/05/DSCF0446-1280x853.jpg 
[2026-08-29 16:23:08 : INFO] - Could not find file for image: ID=6430, file=C:\xampp\htdocs\Wordpress/wp-content/uploads/C:/xampp/htdocs/Wordpress/wp-content/uploads/2025/05/DSCF0446-1024x682.jpg 
[2026-08-29 16:23:08 : INFO] - Could not find file for image: ID=6431, file=C:\xampp\htdocs\Wordpress/wp-content/uploads/C:/xampp/htdocs/Wordpress/wp-content/uploads/2025/05/DSCF0446-1024x682.jpg 
[2026-08-29 16:23:08 : INFO] - Could not find file for image: ID=6426, file=C:\xampp\htdocs\Wordpress/wp-content/uploads/C:/xampp/htdocs/Wordpress/wp-content/uploads/2025/05/DSCF0445-768x512.jpg 
[2026-08-29 16:23:08 : INFO] - Could not find file for image: ID=6427, file=C:\xampp\htdocs\Wordpress/wp-content/uploads/C:/xampp/htdocs/Wordpress/wp-content/uploads/2025/05/DSCF0445-768x512.jpg 
[2026-08-29 16:23:08 : INFO] - Could not find file for image: ID=6428, file=C:\xampp\htdocs\Wordpress/wp-content/uploads/C:/xampp/htdocs/Wordpress/wp-content/uploads/2025/05/DSCF0445-800x533.jpg 
[2026-08-29 16:23:08 : INFO] - Could not find file for image: ID=6429, file=C:\xampp\htdocs\Wordpress/wp-content/uploads/C:/xampp/htdocs/Wordpress/wp-content/uploads/2025/05/DSCF0445-800x533.jpg 
[2026-08-29 16:23:08 : INFO] - Could not find file for image: ID=6422, file=C:\xampp\htdocs\Wordpress/wp-content/uploads/C:/xampp/htdocs/Wordpress/wp-content/uploads/2025/05/DSCF0445-300x200.jpg 
[2026-08-29 16:23:08 : INFO] - Could not find file for image: ID=6423, file=C:\xampp\htdocs\Wordpress/wp-content/uploads/C:/xampp/htdocs/Wordpress/wp-content/uploads/2025/05/DSCF0445-300x200.jpg 
[2026-08-29 16:23:08 : INFO] - Could not find file for image: ID=6424, file=C:\xampp\htdocs\Wordpress/wp-content/uploads/C:/xampp/htdocs/Wordpress/wp-content/uploads/2025/05/DSCF0445-500x333.jpg 
[2026-08-29 16:23:08 : INFO] - Could not find file for image: ID=6425, file=C:\xampp\htdocs\Wordpress/wp-content/uploads/C:/xampp/htdocs/Wordpress/wp-content/uploads/2025/05/DSCF0445-500x333.jpg 
[2026-08-29 16:23:08 : INFO] - Could not find file for image: ID=6420, file=C:\xampp\htdocs\Wordpress/wp-content/uploads/C:/xampp/htdocs/Wordpress/wp-content/uploads/2025/05/DSCF0445-1920x1280.jpg 
[2026-08-29 16:23:08 : INFO] - Could not find file for image: ID=6421, file=C:\xampp\htdocs\Wordpress/wp-content/uploads/C:/xampp/htdocs/Wordpress/wp-content/uploads/2025/05/DSCF0445-1920x1280.jpg 
[2026-08-29 16:23:08 : INFO] - Could not find file for image: ID=6416, file=C:\xampp\htdocs\Wordpress/wp-content/uploads/C:/xampp/htdocs/Wordpress/wp-content/uploads/2025/05/DSCF0445-150x150.jpg 
[2026-08-29 16:23:08 : INFO] - Could not find file for image: ID=6417, file=C:\xampp\htdocs\Wordpress/wp-content/uploads/C:/xampp/htdocs/Wordpress/wp-content/uploads/2025/05/DSCF0445-150x150.jpg 
[2026-08-29 16:23:08 : INFO] - Could not find file for image: ID=6418, file=C:\xampp\htdocs\Wordpress/wp-content/uploads/C:/xampp/htdocs/Wordpress/wp-content/uploads/2025/05/DSCF0445-1536x1024.jpg 
[2026-08-29 16:23:08 : INFO] - Could not find file for image: ID=6419, file=C:\xampp\htdocs\Wordpress/wp-content/uploads/C:/xampp/htdocs/Wordpress/wp-content/uploads/2025/05/DSCF0445-1536x1024.jpg 
[2026-08-29 16:23:08 : INFO] - Could not find file for image: ID=6414, file=C:\xampp\htdocs\Wordpress/wp-content/uploads/C:/xampp/htdocs/Wordpress/wp-content/uploads/2025/05/DSCF0445-1280x853.jpg 
[2026-08-29 16:23:08 : INFO] - Could not find file for image: ID=6415, file=C:\xampp\htdocs\Wordpress/wp-content/uploads/C:/xampp/htdocs/Wordpress/wp-content/uploads/2025/05/DSCF0445-1280x853.jpg 
[2026-08-29 16:23:08 : INFO] - Could not find file for image: ID=6412, file=C:\xampp\htdocs\Wordpress/wp-content/uploads/C:/xampp/htdocs/Wordpress/wp-content/uploads/2025/05/DSCF0445-1024x682.jpg 
[2026-08-29 16:23:08 : INFO] - Could not find file for image: ID=6413, file=C:\xampp\htdocs\Wordpress/wp-content/uploads/C:/xampp/htdocs/Wordpress/wp-content/uploads/2025/05/DSCF0445-1024x682.jpg 
[2026-08-29 16:23:08 : INFO] - Could not find file for image: ID=6410, file=C:\xampp\htdocs\Wordpress/wp-content/uploads/C:/xampp/htdocs/Wordpress/wp-content/uploads/2025/05/DSCF0444-800x1200.jpg 
[2026-08-29 16:23:08 : INFO] - Could not find file for image: ID=6411, file=C:\xampp\htdocs\Wordpress/wp-content/uploads/C:/xampp/htdocs/Wordpress/wp-content/uploads/2025/05/DSCF0444-800x1200.jpg 
[2026-08-29 16:23:08 : INFO] - Could not find file for image: ID=6406, file=C:\xampp\htdocs\Wordpress/wp-content/uploads/C:/xampp/htdocs/Wordpress/wp-content/uploads/2025/05/DSCF0444-682x1024.jpg 
[2026-08-29 16:23:08 : INFO] - Could not find file for image: ID=6407, file=C:\xampp\htdocs\Wordpress/wp-content/uploads/C:/xampp/htdocs/Wordpress/wp-content/uploads/2025/05/DSCF0444-682x1024.jpg 
[2026-08-29 16:23:08 : INFO] - Could not find file for image: ID=6408, file=C:\xampp\htdocs\Wordpress/wp-content/uploads/C:/xampp/htdocs/Wordpress/wp-content/uploads/2025/05/DSCF0444-768x1152.jpg 
[2026-08-29 16:23:08 : INFO] - Could not find file for image: ID=6409, file=C:\xampp\htdocs\Wordpress/wp-content/uploads/C:/xampp/htdocs/Wordpress/wp-content/uploads/2025/05/DSCF0444-768x1152.jpg 
[2026-08-29 16:23:08 : INFO] - Could not find file for image: ID=6403, file=C:\xampp\htdocs\Wordpress/wp-content/uploads/C:/xampp/htdocs/Wordpress/wp-content/uploads/2025/05/DSCF0444-150x150.jpg 
[2026-08-29 16:23:08 : INFO] - Could not find file for image: ID=6404, file=C:\xampp\htdocs\Wordpress/wp-content/uploads/C:/xampp/htdocs/Wordpress/wp-content/uploads/2025/05/DSCF0444-200x300.jpg 
[2026-08-29 16:23:08 : INFO] - Could not find file for image: ID=6405, file=C:\xampp\htdocs\Wordpress/wp-content/uploads/C:/xampp/htdocs/Wordpress/wp-content/uploads/2025/05/DSCF0444-500x750.jpg 
[2026-08-29 16:23:08 : INFO] - Could not find file for image: ID=6402, file=C:\xampp\htdocs\Wordpress/wp-content/uploads/C:/xampp/htdocs/Wordpress/wp-content/uploads/2025/05/DSCF0444-1280x1920.jpg 
[2026-08-29 16:23:08 : INFO] - Could not find file for image: ID=6401, file=C:\xampp\htdocs\Wordpress/wp-content/uploads/C:/xampp/htdocs/Wordpress/wp-content/uploads/2025/05/DSCF0444-1024x1536.jpg 
